{"version":9,"type":"context-options","origin":"library","browserName":"","playwrightVersion":"1.63.0","options":{},"platform":"darwin","wallTime":1791463000937,"monotonicTime":2545.849,"sdkLanguage":"javascript","title":"calendar-booking.spec.ts:34 › the front desk books a two-service visit with two people and sees the total"}
{"type":"before","callId":"call@18","startTime":2549.084,"class":"APIRequestContext","method":"fetch","params":{"url":"http://127.0.0.1:54321/rest/v1/service_categories?tenant_id=eq.00000000-0000-4000-9000-000000000003&name_en=eq.Booking%20fixtures&select=id&order=created_at&limit=1","method":"GET","headers":[{"name":"apikey","value":"eyJhbGciOiJIUzI1NiIsInR5cCI6IkpXVCJ9.eyJpc3MiOiJzdXBhYmFzZS1kZW1vIiwicm9sZSI6InNlcnZpY2Vfcm9sZSIsImV4cCI6MTk4MzgxMjk5Nn0.EGIM96RAZx35lJzdJsyH-qQwv8Hdp7fsn3W0YpN81IU"},{"name":"authorization","value":"Bearer eyJhbGciOiJIUzI1NiIsInR5cCI6IkpXVCJ9.eyJpc3MiOiJzdXBhYmFzZS1kZW1vIiwicm9sZSI6InNlcnZpY2Vfcm9sZSIsImV4cCI6MTk4MzgxMjk5Nn0.EGIM96RAZx35lJzdJsyH-qQwv8Hdp7fsn3W0YpN81IU"},{"name":"prefer","value":"return=representation"}]},"stepId":"pw:api@43"}
{"type":"log","callId":"call@18","time":2551.504,"message":"→ GET http://127.0.0.1:54321/rest/v1/service_categories?tenant_id=eq.00000000-0000-4000-9000-000000000003&name_en=eq.Booking%20fixtures&select=id&order=created_at&limit=1"}
{"type":"log","callId":"call@18","time":2551.52,"message":"  user-agent: Mozilla/5.0 (Windows NT 10.0; Win64; x64) AppleWebKit/537.36 (KHTML, like Gecko) Chrome/153.0.8010.12 Safari/537.36"}
{"type":"log","callId":"call@18","time":2551.524,"message":"  accept: */*"}
{"type":"log","callId":"call@18","time":2551.527,"message":"  accept-encoding: gzip,deflate,br"}
{"type":"log","callId":"call@18","time":2551.53,"message":"  apikey: eyJhbGciOiJIUzI1NiIsInR5cCI6IkpXVCJ9.eyJpc3MiOiJzdXBhYmFzZS1kZW1vIiwicm9sZSI6InNlcnZpY2Vfcm9sZSIsImV4cCI6MTk4MzgxMjk5Nn0.EGIM96RAZx35lJzdJsyH-qQwv8Hdp7fsn3W0YpN81IU"}
{"type":"log","callId":"call@18","time":2551.533,"message":"  authorization: Bearer eyJhbGciOiJIUzI1NiIsInR5cCI6IkpXVCJ9.eyJpc3MiOiJzdXBhYmFzZS1kZW1vIiwicm9sZSI6InNlcnZpY2Vfcm9sZSIsImV4cCI6MTk4MzgxMjk5Nn0.EGIM96RAZx35lJzdJsyH-qQwv8Hdp7fsn3W0YpN81IU"}
{"type":"log","callId":"call@18","time":2551.536,"message":"  prefer: return=representation"}
{"type":"log","callId":"call@18","time":2556.163,"message":"← 200 OK"}
{"type":"log","callId":"call@18","time":2556.174,"message":"  content-type: application/json; charset=utf-8"}
{"type":"log","callId":"call@18","time":2556.188,"message":"  content-length: 47"}
{"type":"log","callId":"call@18","time":2556.194,"message":"  connection: keep-alive"}
{"type":"log","callId":"call@18","time":2556.197,"message":"  date: Thu, 08 Oct 2026 12:36:40 GMT"}
{"type":"log","callId":"call@18","time":2556.199,"message":"  server: postgrest/14.18"}
{"type":"log","callId":"call@18","time":2556.202,"message":"  content-range: 0-0/*"}
{"type":"log","callId":"call@18","time":2556.204,"message":"  content-location: /service_categories?limit=1&name_en=eq.Booking%20fixtures&order=created_at&select=id&tenant_id=eq.00000000-0000-4000-9000-000000000003"}
{"type":"log","callId":"call@18","time":2556.206,"message":"  content-profile: public"}
{"type":"log","callId":"call@18","time":2556.208,"message":"  access-control-allow-origin: *"}
{"type":"log","callId":"call@18","time":2556.21,"message":"  x-kong-upstream-latency: 1"}
{"type":"log","callId":"call@18","time":2556.213,"message":"  x-kong-proxy-latency: 0"}
{"type":"log","callId":"call@18","time":2556.215,"message":"  via: kong/2.8.1"}
{"type":"after","callId":"call@18","endTime":2556.324,"result":{"response":{"url":"http://127.0.0.1:54321/rest/v1/service_categories?tenant_id=eq.00000000-0000-4000-9000-000000000003&name_en=eq.Booking%20fixtures&select=id&order=created_at&limit=1","status":200,"statusText":"OK","headers":[{"name":"Content-Type","value":"application/json; charset=utf-8"},{"name":"Content-Length","value":"47"},{"name":"Connection","value":"keep-alive"},{"name":"Date","value":"Thu, 08 Oct 2026 12:36:40 GMT"},{"name":"Server","value":"postgrest/14.18"},{"name":"Content-Range","value":"0-0/*"},{"name":"Content-Location","value":"/service_categories?limit=1&name_en=eq.Booking%20fixtures&order=created_at&select=id&tenant_id=eq.00000000-0000-4000-9000-000000000003"},{"name":"Content-Profile","value":"public"},{"name":"Access-Control-Allow-Origin","value":"*"},{"name":"X-Kong-Upstream-Latency","value":"1"},{"name":"X-Kong-Proxy-Latency","value":"0"},{"name":"Via","value":"kong/2.8.1"}],"serverAddr":{"ipAddress":"127.0.0.1","port":54321},"timing":{"startTime":1791463000941,"domainLookupStart":-1,"domainLookupEnd":-1,"connectStart":0,"secureConnectionStart":-1,"connectEnd":2.1210000000000946,"requestStart":2.1210000000000946,"responseStart":4.778999999999996},"responseEndTiming":5.425999999999931,"fetchUid":"6ffbfabc8925b666bfdee5a6b44c9709"}}}
{"type":"before","callId":"call@22","startTime":2560.173,"class":"APIRequestContext","method":"fetch","params":{"url":"http://127.0.0.1:54321/rest/v1/services","method":"POST","headers":[{"name":"apikey","value":"eyJhbGciOiJIUzI1NiIsInR5cCI6IkpXVCJ9.eyJpc3MiOiJzdXBhYmFzZS1kZW1vIiwicm9sZSI6InNlcnZpY2Vfcm9sZSIsImV4cCI6MTk4MzgxMjk5Nn0.EGIM96RAZx35lJzdJsyH-qQwv8Hdp7fsn3W0YpN81IU"},{"name":"authorization","value":"Bearer eyJhbGciOiJIUzI1NiIsInR5cCI6IkpXVCJ9.eyJpc3MiOiJzdXBhYmFzZS1kZW1vIiwicm9sZSI6InNlcnZpY2Vfcm9sZSIsImV4cCI6MTk4MzgxMjk5Nn0.EGIM96RAZx35lJzdJsyH-qQwv8Hdp7fsn3W0YpN81IU"},{"name":"prefer","value":"return=representation"}],"jsonData":"{\"tenant_id\":\"00000000-0000-4000-9000-000000000003\",\"category_id\":\"b9a02232-6314-4c1d-88c5-86146dcc12b9\",\"name_en\":\"Facial en-muzite96ppq\",\"name_ar\":\"تنظيف بشرة en-muzite96ppq\",\"duration_minutes\":60,\"price_minor\":25000}"},"stepId":"pw:api@45"}
{"type":"log","callId":"call@22","time":2560.807,"message":"→ POST http://127.0.0.1:54321/rest/v1/services"}
{"type":"log","callId":"call@22","time":2560.818,"message":"  user-agent: Mozilla/5.0 (Windows NT 10.0; Win64; x64) AppleWebKit/537.36 (KHTML, like Gecko) Chrome/153.0.8010.12 Safari/537.36"}
{"type":"log","callId":"call@22","time":2560.821,"message":"  accept: */*"}
{"type":"log","callId":"call@22","time":2560.823,"message":"  accept-encoding: gzip,deflate,br"}
{"type":"log","callId":"call@22","time":2560.824,"message":"  apikey: eyJhbGciOiJIUzI1NiIsInR5cCI6IkpXVCJ9.eyJpc3MiOiJzdXBhYmFzZS1kZW1vIiwicm9sZSI6InNlcnZpY2Vfcm9sZSIsImV4cCI6MTk4MzgxMjk5Nn0.EGIM96RAZx35lJzdJsyH-qQwv8Hdp7fsn3W0YpN81IU"}
{"type":"log","callId":"call@22","time":2560.826,"message":"  authorization: Bearer eyJhbGciOiJIUzI1NiIsInR5cCI6IkpXVCJ9.eyJpc3MiOiJzdXBhYmFzZS1kZW1vIiwicm9sZSI6InNlcnZpY2Vfcm9sZSIsImV4cCI6MTk4MzgxMjk5Nn0.EGIM96RAZx35lJzdJsyH-qQwv8Hdp7fsn3W0YpN81IU"}
{"type":"log","callId":"call@22","time":2560.828,"message":"  prefer: return=representation"}
{"type":"log","callId":"call@22","time":2560.83,"message":"  content-type: application/json"}
{"type":"log","callId":"call@22","time":2560.831,"message":"  content-length: 228"}
{"type":"log","callId":"call@22","time":2566.017,"message":"← 201 Created"}
{"type":"log","callId":"call@22","time":2566.023,"message":"  content-type: application/json; charset=utf-8"}
{"type":"log","callId":"call@22","time":2566.025,"message":"  content-length: 606"}
{"type":"log","callId":"call@22","time":2566.035,"message":"  connection: keep-alive"}
{"type":"log","callId":"call@22","time":2566.036,"message":"  date: Thu, 08 Oct 2026 12:36:40 GMT"}
{"type":"log","callId":"call@22","time":2566.038,"message":"  server: postgrest/14.18"}
{"type":"log","callId":"call@22","time":2566.039,"message":"  content-range: */*"}
{"type":"log","callId":"call@22","time":2566.04,"message":"  preference-applied: return=representation"}
{"type":"log","callId":"call@22","time":2566.042,"message":"  content-profile: public"}
{"type":"log","callId":"call@22","time":2566.043,"message":"  access-control-allow-origin: *"}
{"type":"log","callId":"call@22","time":2566.045,"message":"  x-kong-upstream-latency: 4"}
{"type":"log","callId":"call@22","time":2566.047,"message":"  x-kong-proxy-latency: 0"}
{"type":"log","callId":"call@22","time":2566.048,"message":"  via: kong/2.8.1"}
{"type":"after","callId":"call@22","endTime":2566.102,"result":{"response":{"url":"http://127.0.0.1:54321/rest/v1/services","status":201,"statusText":"Created","headers":[{"name":"Content-Type","value":"application/json; charset=utf-8"},{"name":"Content-Length","value":"606"},{"name":"Connection","value":"keep-alive"},{"name":"Date","value":"Thu, 08 Oct 2026 12:36:40 GMT"},{"name":"Server","value":"postgrest/14.18"},{"name":"Content-Range","value":"*/*"},{"name":"Preference-Applied","value":"return=representation"},{"name":"Content-Profile","value":"public"},{"name":"Access-Control-Allow-Origin","value":"*"},{"name":"X-Kong-Upstream-Latency","value":"4"},{"name":"X-Kong-Proxy-Latency","value":"0"},{"name":"Via","value":"kong/2.8.1"}],"serverAddr":{"ipAddress":"127.0.0.1","port":54321},"timing":{"startTime":1791463000952,"domainLookupStart":-1,"domainLookupEnd":-1,"connectStart":-1,"secureConnectionStart":-1,"connectEnd":-1,"requestStart":0.4539999999997235,"responseStart":5.153999999999996},"responseEndTiming":5.369999999999891,"fetchUid":"7b18009f3970c7c924ca28f0dc2d8f80"}}}
{"type":"before","callId":"call@26","startTime":2567.809,"class":"APIRequestContext","method":"fetch","params":{"url":"http://127.0.0.1:54321/rest/v1/services","method":"POST","headers":[{"name":"apikey","value":"eyJhbGciOiJIUzI1NiIsInR5cCI6IkpXVCJ9.eyJpc3MiOiJzdXBhYmFzZS1kZW1vIiwicm9sZSI6InNlcnZpY2Vfcm9sZSIsImV4cCI6MTk4MzgxMjk5Nn0.EGIM96RAZx35lJzdJsyH-qQwv8Hdp7fsn3W0YpN81IU"},{"name":"authorization","value":"Bearer eyJhbGciOiJIUzI1NiIsInR5cCI6IkpXVCJ9.eyJpc3MiOiJzdXBhYmFzZS1kZW1vIiwicm9sZSI6InNlcnZpY2Vfcm9sZSIsImV4cCI6MTk4MzgxMjk5Nn0.EGIM96RAZx35lJzdJsyH-qQwv8Hdp7fsn3W0YpN81IU"},{"name":"prefer","value":"return=representation"}],"jsonData":"{\"tenant_id\":\"00000000-0000-4000-9000-000000000003\",\"category_id\":\"b9a02232-6314-4c1d-88c5-86146dcc12b9\",\"name_en\":\"Massage en-muzite96ppq\",\"name_ar\":\"تدليك en-muzite96ppq\",\"duration_minutes\":90,\"price_minor\":40500}"},"stepId":"pw:api@47"}
{"type":"log","callId":"call@26","time":2568.149,"message":"→ POST http://127.0.0.1:54321/rest/v1/services"}
{"type":"log","callId":"call@26","time":2568.155,"message":"  user-agent: Mozilla/5.0 (Windows NT 10.0; Win64; x64) AppleWebKit/537.36 (KHTML, like Gecko) Chrome/153.0.8010.12 Safari/537.36"}
{"type":"log","callId":"call@26","time":2568.157,"message":"  accept: */*"}
{"type":"log","callId":"call@26","time":2568.158,"message":"  accept-encoding: gzip,deflate,br"}
{"type":"log","callId":"call@26","time":2568.16,"message":"  apikey: eyJhbGciOiJIUzI1NiIsInR5cCI6IkpXVCJ9.eyJpc3MiOiJzdXBhYmFzZS1kZW1vIiwicm9sZSI6InNlcnZpY2Vfcm9sZSIsImV4cCI6MTk4MzgxMjk5Nn0.EGIM96RAZx35lJzdJsyH-qQwv8Hdp7fsn3W0YpN81IU"}
{"type":"log","callId":"call@26","time":2568.161,"message":"  authorization: Bearer eyJhbGciOiJIUzI1NiIsInR5cCI6IkpXVCJ9.eyJpc3MiOiJzdXBhYmFzZS1kZW1vIiwicm9sZSI6InNlcnZpY2Vfcm9sZSIsImV4cCI6MTk4MzgxMjk5Nn0.EGIM96RAZx35lJzdJsyH-qQwv8Hdp7fsn3W0YpN81IU"}
{"type":"log","callId":"call@26","time":2568.163,"message":"  prefer: return=representation"}
{"type":"log","callId":"call@26","time":2568.164,"message":"  content-type: application/json"}
{"type":"log","callId":"call@26","time":2568.166,"message":"  content-length: 220"}
{"type":"log","callId":"call@26","time":2573.128,"message":"← 201 Created"}
{"type":"log","callId":"call@26","time":2573.139,"message":"  content-type: application/json; charset=utf-8"}
{"type":"log","callId":"call@26","time":2573.142,"message":"  content-length: 590"}
{"type":"log","callId":"call@26","time":2573.144,"message":"  connection: keep-alive"}
{"type":"log","callId":"call@26","time":2573.145,"message":"  date: Thu, 08 Oct 2026 12:36:40 GMT"}
{"type":"log","callId":"call@26","time":2573.147,"message":"  server: postgrest/14.18"}
{"type":"log","callId":"call@26","time":2573.149,"message":"  content-range: */*"}
{"type":"log","callId":"call@26","time":2573.15,"message":"  preference-applied: return=representation"}
{"type":"log","callId":"call@26","time":2573.152,"message":"  content-profile: public"}
{"type":"log","callId":"call@26","time":2573.154,"message":"  access-control-allow-origin: *"}
{"type":"log","callId":"call@26","time":2573.156,"message":"  x-kong-upstream-latency: 3"}
{"type":"log","callId":"call@26","time":2573.157,"message":"  x-kong-proxy-latency: 0"}
{"type":"log","callId":"call@26","time":2573.159,"message":"  via: kong/2.8.1"}
{"type":"after","callId":"call@26","endTime":2573.225,"result":{"response":{"url":"http://127.0.0.1:54321/rest/v1/services","status":201,"statusText":"Created","headers":[{"name":"Content-Type","value":"application/json; charset=utf-8"},{"name":"Content-Length","value":"590"},{"name":"Connection","value":"keep-alive"},{"name":"Date","value":"Thu, 08 Oct 2026 12:36:40 GMT"},{"name":"Server","value":"postgrest/14.18"},{"name":"Content-Range","value":"*/*"},{"name":"Preference-Applied","value":"return=representation"},{"name":"Content-Profile","value":"public"},{"name":"Access-Control-Allow-Origin","value":"*"},{"name":"X-Kong-Upstream-Latency","value":"3"},{"name":"X-Kong-Proxy-Latency","value":"0"},{"name":"Via","value":"kong/2.8.1"}],"serverAddr":{"ipAddress":"127.0.0.1","port":54321},"timing":{"startTime":1791463000959,"domainLookupStart":-1,"domainLookupEnd":-1,"connectStart":-1,"secureConnectionStart":-1,"connectEnd":-1,"requestStart":0.20299999999997453,"responseStart":4.677000000000135},"responseEndTiming":4.807999999999993,"fetchUid":"f29f1da02fc68ba6c69cfb2bbfa9e80f"}}}
{"type":"before","callId":"call@30","startTime":2575.244,"class":"APIRequestContext","method":"fetch","params":{"url":"http://127.0.0.1:54321/rest/v1/staff_members","method":"POST","headers":[{"name":"apikey","value":"eyJhbGciOiJIUzI1NiIsInR5cCI6IkpXVCJ9.eyJpc3MiOiJzdXBhYmFzZS1kZW1vIiwicm9sZSI6InNlcnZpY2Vfcm9sZSIsImV4cCI6MTk4MzgxMjk5Nn0.EGIM96RAZx35lJzdJsyH-qQwv8Hdp7fsn3W0YpN81IU"},{"name":"authorization","value":"Bearer eyJhbGciOiJIUzI1NiIsInR5cCI6IkpXVCJ9.eyJpc3MiOiJzdXBhYmFzZS1kZW1vIiwicm9sZSI6InNlcnZpY2Vfcm9sZSIsImV4cCI6MTk4MzgxMjk5Nn0.EGIM96RAZx35lJzdJsyH-qQwv8Hdp7fsn3W0YpN81IU"},{"name":"prefer","value":"return=representation"}],"jsonData":"{\"tenant_id\":\"00000000-0000-4000-9000-000000000003\",\"full_name_en\":\"Mona en-muzite96ppq\",\"full_name_ar\":\"منى en-muzite96ppq\",\"user_id\":null}"},"stepId":"pw:api@49"}
{"type":"log","callId":"call@30","time":2575.566,"message":"→ POST http://127.0.0.1:54321/rest/v1/staff_members"}
{"type":"log","callId":"call@30","time":2575.573,"message":"  user-agent: Mozilla/5.0 (Windows NT 10.0; Win64; x64) AppleWebKit/537.36 (KHTML, like Gecko) Chrome/153.0.8010.12 Safari/537.36"}
{"type":"log","callId":"call@30","time":2575.574,"message":"  accept: */*"}
{"type":"log","callId":"call@30","time":2575.576,"message":"  accept-encoding: gzip,deflate,br"}
{"type":"log","callId":"call@30","time":2575.577,"message":"  apikey: eyJhbGciOiJIUzI1NiIsInR5cCI6IkpXVCJ9.eyJpc3MiOiJzdXBhYmFzZS1kZW1vIiwicm9sZSI6InNlcnZpY2Vfcm9sZSIsImV4cCI6MTk4MzgxMjk5Nn0.EGIM96RAZx35lJzdJsyH-qQwv8Hdp7fsn3W0YpN81IU"}
{"type":"log","callId":"call@30","time":2575.578,"message":"  authorization: Bearer eyJhbGciOiJIUzI1NiIsInR5cCI6IkpXVCJ9.eyJpc3MiOiJzdXBhYmFzZS1kZW1vIiwicm9sZSI6InNlcnZpY2Vfcm9sZSIsImV4cCI6MTk4MzgxMjk5Nn0.EGIM96RAZx35lJzdJsyH-qQwv8Hdp7fsn3W0YpN81IU"}
{"type":"log","callId":"call@30","time":2575.58,"message":"  prefer: return=representation"}
{"type":"log","callId":"call@30","time":2575.581,"message":"  content-type: application/json"}
{"type":"log","callId":"call@30","time":2575.582,"message":"  content-length: 143"}
{"type":"log","callId":"call@30","time":2581.79,"message":"← 201 Created"}
{"type":"log","callId":"call@30","time":2581.796,"message":"  content-type: application/json; charset=utf-8"}
{"type":"log","callId":"call@30","time":2581.799,"message":"  content-length: 481"}
{"type":"log","callId":"call@30","time":2581.8,"message":"  connection: keep-alive"}
{"type":"log","callId":"call@30","time":2581.802,"message":"  date: Thu, 08 Oct 2026 12:36:40 GMT"}
{"type":"log","callId":"call@30","time":2581.803,"message":"  server: postgrest/14.18"}
{"type":"log","callId":"call@30","time":2581.805,"message":"  content-range: */*"}
{"type":"log","callId":"call@30","time":2581.806,"message":"  preference-applied: return=representation"}
{"type":"log","callId":"call@30","time":2581.807,"message":"  content-profile: public"}
{"type":"log","callId":"call@30","time":2581.809,"message":"  access-control-allow-origin: *"}
{"type":"log","callId":"call@30","time":2581.81,"message":"  x-kong-upstream-latency: 4"}
{"type":"log","callId":"call@30","time":2581.812,"message":"  x-kong-proxy-latency: 1"}
{"type":"log","callId":"call@30","time":2581.814,"message":"  via: kong/2.8.1"}
{"type":"after","callId":"call@30","endTime":2581.879,"result":{"response":{"url":"http://127.0.0.1:54321/rest/v1/staff_members","status":201,"statusText":"Created","headers":[{"name":"Content-Type","value":"application/json; charset=utf-8"},{"name":"Content-Length","value":"481"},{"name":"Connection","value":"keep-alive"},{"name":"Date","value":"Thu, 08 Oct 2026 12:36:40 GMT"},{"name":"Server","value":"postgrest/14.18"},{"name":"Content-Range","value":"*/*"},{"name":"Preference-Applied","value":"return=representation"},{"name":"Content-Profile","value":"public"},{"name":"Access-Control-Allow-Origin","value":"*"},{"name":"X-Kong-Upstream-Latency","value":"4"},{"name":"X-Kong-Proxy-Latency","value":"1"},{"name":"Via","value":"kong/2.8.1"}],"serverAddr":{"ipAddress":"127.0.0.1","port":54321},"timing":{"startTime":1791463000967,"domainLookupStart":-1,"domainLookupEnd":-1,"connectStart":-1,"secureConnectionStart":-1,"connectEnd":-1,"requestStart":0.18600000000014916,"responseStart":6.006000000000313},"responseEndTiming":6.164000000000215,"fetchUid":"4c7dee079cefb58a170625d6cea377bb"}}}
{"type":"before","callId":"call@34","startTime":2583.951,"class":"APIRequestContext","method":"fetch","params":{"url":"http://127.0.0.1:54321/rest/v1/staff_branch_assignments","method":"POST","headers":[{"name":"apikey","value":"eyJhbGciOiJIUzI1NiIsInR5cCI6IkpXVCJ9.eyJpc3MiOiJzdXBhYmFzZS1kZW1vIiwicm9sZSI6InNlcnZpY2Vfcm9sZSIsImV4cCI6MTk4MzgxMjk5Nn0.EGIM96RAZx35lJzdJsyH-qQwv8Hdp7fsn3W0YpN81IU"},{"name":"authorization","value":"Bearer eyJhbGciOiJIUzI1NiIsInR5cCI6IkpXVCJ9.eyJpc3MiOiJzdXBhYmFzZS1kZW1vIiwicm9sZSI6InNlcnZpY2Vfcm9sZSIsImV4cCI6MTk4MzgxMjk5Nn0.EGIM96RAZx35lJzdJsyH-qQwv8Hdp7fsn3W0YpN81IU"},{"name":"prefer","value":"return=representation"}],"jsonData":"{\"tenant_id\":\"00000000-0000-4000-9000-000000000003\",\"staff_id\":\"c7d16393-5055-448e-9204-08f32db79ea9\",\"branch_id\":\"00000000-0000-4000-a000-000000000004\",\"is_default\":true}"},"stepId":"pw:api@51"}
{"type":"log","callId":"call@34","time":2584.424,"message":"→ POST http://127.0.0.1:54321/rest/v1/staff_branch_assignments"}
{"type":"log","callId":"call@34","time":2584.437,"message":"  user-agent: Mozilla/5.0 (Windows NT 10.0; Win64; x64) AppleWebKit/537.36 (KHTML, like Gecko) Chrome/153.0.8010.12 Safari/537.36"}
{"type":"log","callId":"call@34","time":2584.438,"message":"  accept: */*"}
{"type":"log","callId":"call@34","time":2584.44,"message":"  accept-encoding: gzip,deflate,br"}
{"type":"log","callId":"call@34","time":2584.441,"message":"  apikey: eyJhbGciOiJIUzI1NiIsInR5cCI6IkpXVCJ9.eyJpc3MiOiJzdXBhYmFzZS1kZW1vIiwicm9sZSI6InNlcnZpY2Vfcm9sZSIsImV4cCI6MTk4MzgxMjk5Nn0.EGIM96RAZx35lJzdJsyH-qQwv8Hdp7fsn3W0YpN81IU"}
{"type":"log","callId":"call@34","time":2584.443,"message":"  authorization: Bearer eyJhbGciOiJIUzI1NiIsInR5cCI6IkpXVCJ9.eyJpc3MiOiJzdXBhYmFzZS1kZW1vIiwicm9sZSI6InNlcnZpY2Vfcm9sZSIsImV4cCI6MTk4MzgxMjk5Nn0.EGIM96RAZx35lJzdJsyH-qQwv8Hdp7fsn3W0YpN81IU"}
{"type":"log","callId":"call@34","time":2584.514,"message":"  prefer: return=representation"}
{"type":"log","callId":"call@34","time":2584.526,"message":"  content-type: application/json"}
{"type":"log","callId":"call@34","time":2584.528,"message":"  content-length: 171"}
{"type":"log","callId":"call@34","time":2590.388,"message":"← 201 Created"}
{"type":"log","callId":"call@34","time":2590.393,"message":"  content-type: application/json; charset=utf-8"}
{"type":"log","callId":"call@34","time":2590.395,"message":"  content-length: 368"}
{"type":"log","callId":"call@34","time":2590.396,"message":"  connection: keep-alive"}
{"type":"log","callId":"call@34","time":2590.397,"message":"  date: Thu, 08 Oct 2026 12:36:40 GMT"}
{"type":"log","callId":"call@34","time":2590.399,"message":"  server: postgrest/14.18"}
{"type":"log","callId":"call@34","time":2590.4,"message":"  content-range: */*"}
{"type":"log","callId":"call@34","time":2590.401,"message":"  preference-applied: return=representation"}
{"type":"log","callId":"call@34","time":2590.402,"message":"  content-profile: public"}
{"type":"log","callId":"call@34","time":2590.403,"message":"  access-control-allow-origin: *"}
{"type":"log","callId":"call@34","time":2590.405,"message":"  x-kong-upstream-latency: 5"}
{"type":"log","callId":"call@34","time":2590.406,"message":"  x-kong-proxy-latency: 0"}
{"type":"log","callId":"call@34","time":2590.407,"message":"  via: kong/2.8.1"}
{"type":"after","callId":"call@34","endTime":2590.465,"result":{"response":{"url":"http://127.0.0.1:54321/rest/v1/staff_branch_assignments","status":201,"statusText":"Created","headers":[{"name":"Content-Type","value":"application/json; charset=utf-8"},{"name":"Content-Length","value":"368"},{"name":"Connection","value":"keep-alive"},{"name":"Date","value":"Thu, 08 Oct 2026 12:36:40 GMT"},{"name":"Server","value":"postgrest/14.18"},{"name":"Content-Range","value":"*/*"},{"name":"Preference-Applied","value":"return=representation"},{"name":"Content-Profile","value":"public"},{"name":"Access-Control-Allow-Origin","value":"*"},{"name":"X-Kong-Upstream-Latency","value":"5"},{"name":"X-Kong-Proxy-Latency","value":"0"},{"name":"Via","value":"kong/2.8.1"}],"serverAddr":{"ipAddress":"127.0.0.1","port":54321},"timing":{"startTime":1791463000975,"domainLookupStart":-1,"domainLookupEnd":-1,"connectStart":-1,"secureConnectionStart":-1,"connectEnd":-1,"requestStart":0.34799999999995634,"responseStart":5.778999999999996},"responseEndTiming":5.985999999999876,"fetchUid":"b8b7638ad67f6947e14e186e97a183b2"}}}
{"type":"before","callId":"call@38","startTime":2592.035,"class":"APIRequestContext","method":"fetch","params":{"url":"http://127.0.0.1:54321/rest/v1/service_staff","method":"POST","headers":[{"name":"apikey","value":"eyJhbGciOiJIUzI1NiIsInR5cCI6IkpXVCJ9.eyJpc3MiOiJzdXBhYmFzZS1kZW1vIiwicm9sZSI6InNlcnZpY2Vfcm9sZSIsImV4cCI6MTk4MzgxMjk5Nn0.EGIM96RAZx35lJzdJsyH-qQwv8Hdp7fsn3W0YpN81IU"},{"name":"authorization","value":"Bearer eyJhbGciOiJIUzI1NiIsInR5cCI6IkpXVCJ9.eyJpc3MiOiJzdXBhYmFzZS1kZW1vIiwicm9sZSI6InNlcnZpY2Vfcm9sZSIsImV4cCI6MTk4MzgxMjk5Nn0.EGIM96RAZx35lJzdJsyH-qQwv8Hdp7fsn3W0YpN81IU"},{"name":"prefer","value":"return=representation"}],"jsonData":"[{\"tenant_id\":\"00000000-0000-4000-9000-000000000003\",\"service_id\":\"1c1393cc-f83a-4db3-a1f3-e74fe6146977\",\"branch_id\":\"00000000-0000-4000-a000-000000000004\",\"staff_id\":\"c7d16393-5055-448e-9204-08f32db79ea9\"}]"},"stepId":"pw:api@53"}
{"type":"log","callId":"call@38","time":2592.405,"message":"→ POST http://127.0.0.1:54321/rest/v1/service_staff"}
{"type":"log","callId":"call@38","time":2592.411,"message":"  user-agent: Mozilla/5.0 (Windows NT 10.0; Win64; x64) AppleWebKit/537.36 (KHTML, like Gecko) Chrome/153.0.8010.12 Safari/537.36"}
{"type":"log","callId":"call@38","time":2592.413,"message":"  accept: */*"}
{"type":"log","callId":"call@38","time":2592.414,"message":"  accept-encoding: gzip,deflate,br"}
{"type":"log","callId":"call@38","time":2592.415,"message":"  apikey: eyJhbGciOiJIUzI1NiIsInR5cCI6IkpXVCJ9.eyJpc3MiOiJzdXBhYmFzZS1kZW1vIiwicm9sZSI6InNlcnZpY2Vfcm9sZSIsImV4cCI6MTk4MzgxMjk5Nn0.EGIM96RAZx35lJzdJsyH-qQwv8Hdp7fsn3W0YpN81IU"}
{"type":"log","callId":"call@38","time":2592.416,"message":"  authorization: Bearer eyJhbGciOiJIUzI1NiIsInR5cCI6IkpXVCJ9.eyJpc3MiOiJzdXBhYmFzZS1kZW1vIiwicm9sZSI6InNlcnZpY2Vfcm9sZSIsImV4cCI6MTk4MzgxMjk5Nn0.EGIM96RAZx35lJzdJsyH-qQwv8Hdp7fsn3W0YpN81IU"}
{"type":"log","callId":"call@38","time":2592.417,"message":"  prefer: return=representation"}
{"type":"log","callId":"call@38","time":2592.418,"message":"  content-type: application/json"}
{"type":"log","callId":"call@38","time":2592.419,"message":"  content-length: 207"}
{"type":"log","callId":"call@38","time":2596.546,"message":"← 201 Created"}
{"type":"log","callId":"call@38","time":2596.55,"message":"  content-type: application/json; charset=utf-8"}
{"type":"log","callId":"call@38","time":2596.552,"message":"  content-length: 383"}
{"type":"log","callId":"call@38","time":2596.554,"message":"  connection: keep-alive"}
{"type":"log","callId":"call@38","time":2596.555,"message":"  date: Thu, 08 Oct 2026 12:36:40 GMT"}
{"type":"log","callId":"call@38","time":2596.555,"message":"  server: postgrest/14.18"}
{"type":"log","callId":"call@38","time":2596.556,"message":"  content-range: */*"}
{"type":"log","callId":"call@38","time":2596.557,"message":"  preference-applied: return=representation"}
{"type":"log","callId":"call@38","time":2596.558,"message":"  content-profile: public"}
{"type":"log","callId":"call@38","time":2596.559,"message":"  access-control-allow-origin: *"}
{"type":"log","callId":"call@38","time":2596.561,"message":"  x-kong-upstream-latency: 3"}
{"type":"log","callId":"call@38","time":2596.568,"message":"  x-kong-proxy-latency: 0"}
{"type":"log","callId":"call@38","time":2596.57,"message":"  via: kong/2.8.1"}
{"type":"after","callId":"call@38","endTime":2596.615,"result":{"response":{"url":"http://127.0.0.1:54321/rest/v1/service_staff","status":201,"statusText":"Created","headers":[{"name":"Content-Type","value":"application/json; charset=utf-8"},{"name":"Content-Length","value":"383"},{"name":"Connection","value":"keep-alive"},{"name":"Date","value":"Thu, 08 Oct 2026 12:36:40 GMT"},{"name":"Server","value":"postgrest/14.18"},{"name":"Content-Range","value":"*/*"},{"name":"Preference-Applied","value":"return=representation"},{"name":"Content-Profile","value":"public"},{"name":"Access-Control-Allow-Origin","value":"*"},{"name":"X-Kong-Upstream-Latency","value":"3"},{"name":"X-Kong-Proxy-Latency","value":"0"},{"name":"Via","value":"kong/2.8.1"}],"serverAddr":{"ipAddress":"127.0.0.1","port":54321},"timing":{"startTime":1791463000983,"domainLookupStart":-1,"domainLookupEnd":-1,"connectStart":-1,"secureConnectionStart":-1,"connectEnd":-1,"requestStart":0.20000000000027285,"responseStart":4.0210000000001855},"responseEndTiming":4.117999999999938,"fetchUid":"017a97d3de7d721674a4a4709b57f08f"}}}
{"type":"before","callId":"call@42","startTime":2598.12,"class":"APIRequestContext","method":"fetch","params":{"url":"http://127.0.0.1:54321/rest/v1/shifts","method":"POST","headers":[{"name":"apikey","value":"eyJhbGciOiJIUzI1NiIsInR5cCI6IkpXVCJ9.eyJpc3MiOiJzdXBhYmFzZS1kZW1vIiwicm9sZSI6InNlcnZpY2Vfcm9sZSIsImV4cCI6MTk4MzgxMjk5Nn0.EGIM96RAZx35lJzdJsyH-qQwv8Hdp7fsn3W0YpN81IU"},{"name":"authorization","value":"Bearer eyJhbGciOiJIUzI1NiIsInR5cCI6IkpXVCJ9.eyJpc3MiOiJzdXBhYmFzZS1kZW1vIiwicm9sZSI6InNlcnZpY2Vfcm9sZSIsImV4cCI6MTk4MzgxMjk5Nn0.EGIM96RAZx35lJzdJsyH-qQwv8Hdp7fsn3W0YpN81IU"},{"name":"prefer","value":"return=representation"}],"jsonData":"[{\"tenant_id\":\"00000000-0000-4000-9000-000000000003\",\"staff_id\":\"c7d16393-5055-448e-9204-08f32db79ea9\",\"branch_id\":\"00000000-0000-4000-a000-000000000004\",\"starts_at\":\"2026-10-09T09:00:00+03:00\",\"ends_at\":\"2026-10-09T22:00:00+03:00\"}]"},"stepId":"pw:api@55"}
{"type":"log","callId":"call@42","time":2598.433,"message":"→ POST http://127.0.0.1:54321/rest/v1/shifts"}
{"type":"log","callId":"call@42","time":2598.438,"message":"  user-agent: Mozilla/5.0 (Windows NT 10.0; Win64; x64) AppleWebKit/537.36 (KHTML, like Gecko) Chrome/153.0.8010.12 Safari/537.36"}
{"type":"log","callId":"call@42","time":2598.439,"message":"  accept: */*"}
{"type":"log","callId":"call@42","time":2598.44,"message":"  accept-encoding: gzip,deflate,br"}
{"type":"log","callId":"call@42","time":2598.441,"message":"  apikey: eyJhbGciOiJIUzI1NiIsInR5cCI6IkpXVCJ9.eyJpc3MiOiJzdXBhYmFzZS1kZW1vIiwicm9sZSI6InNlcnZpY2Vfcm9sZSIsImV4cCI6MTk4MzgxMjk5Nn0.EGIM96RAZx35lJzdJsyH-qQwv8Hdp7fsn3W0YpN81IU"}
{"type":"log","callId":"call@42","time":2598.442,"message":"  authorization: Bearer eyJhbGciOiJIUzI1NiIsInR5cCI6IkpXVCJ9.eyJpc3MiOiJzdXBhYmFzZS1kZW1vIiwicm9sZSI6InNlcnZpY2Vfcm9sZSIsImV4cCI6MTk4MzgxMjk5Nn0.EGIM96RAZx35lJzdJsyH-qQwv8Hdp7fsn3W0YpN81IU"}
{"type":"log","callId":"call@42","time":2598.443,"message":"  prefer: return=representation"}
{"type":"log","callId":"call@42","time":2598.444,"message":"  content-type: application/json"}
{"type":"log","callId":"call@42","time":2598.445,"message":"  content-length: 233"}
{"type":"log","callId":"call@42","time":2602.153,"message":"← 201 Created"}
{"type":"log","callId":"call@42","time":2602.158,"message":"  content-type: application/json; charset=utf-8"}
{"type":"log","callId":"call@42","time":2602.16,"message":"  content-length: 409"}
{"type":"log","callId":"call@42","time":2602.161,"message":"  connection: keep-alive"}
{"type":"log","callId":"call@42","time":2602.162,"message":"  date: Thu, 08 Oct 2026 12:36:40 GMT"}
{"type":"log","callId":"call@42","time":2602.163,"message":"  server: postgrest/14.18"}
{"type":"log","callId":"call@42","time":2602.164,"message":"  content-range: */*"}
{"type":"log","callId":"call@42","time":2602.164,"message":"  preference-applied: return=representation"}
{"type":"log","callId":"call@42","time":2602.165,"message":"  content-profile: public"}
{"type":"log","callId":"call@42","time":2602.166,"message":"  access-control-allow-origin: *"}
{"type":"log","callId":"call@42","time":2602.167,"message":"  x-kong-upstream-latency: 3"}
{"type":"log","callId":"call@42","time":2602.168,"message":"  x-kong-proxy-latency: 0"}
{"type":"log","callId":"call@42","time":2602.169,"message":"  via: kong/2.8.1"}
{"type":"after","callId":"call@42","endTime":2602.221,"result":{"response":{"url":"http://127.0.0.1:54321/rest/v1/shifts","status":201,"statusText":"Created","headers":[{"name":"Content-Type","value":"application/json; charset=utf-8"},{"name":"Content-Length","value":"409"},{"name":"Connection","value":"keep-alive"},{"name":"Date","value":"Thu, 08 Oct 2026 12:36:40 GMT"},{"name":"Server","value":"postgrest/14.18"},{"name":"Content-Range","value":"*/*"},{"name":"Preference-Applied","value":"return=representation"},{"name":"Content-Profile","value":"public"},{"name":"Access-Control-Allow-Origin","value":"*"},{"name":"X-Kong-Upstream-Latency","value":"3"},{"name":"X-Kong-Proxy-Latency","value":"0"},{"name":"Via","value":"kong/2.8.1"}],"serverAddr":{"ipAddress":"127.0.0.1","port":54321},"timing":{"startTime":1791463000989,"domainLookupStart":-1,"domainLookupEnd":-1,"connectStart":-1,"secureConnectionStart":-1,"connectEnd":-1,"requestStart":0.15799999999990177,"responseStart":3.5659999999998035},"responseEndTiming":3.6829999999999927,"fetchUid":"ff0b5a22c5d0200a7c08c5d21782a9a1"}}}
{"type":"before","callId":"call@46","startTime":2603.505,"class":"APIRequestContext","method":"fetch","params":{"url":"http://127.0.0.1:54321/rest/v1/staff_members","method":"POST","headers":[{"name":"apikey","value":"eyJhbGciOiJIUzI1NiIsInR5cCI6IkpXVCJ9.eyJpc3MiOiJzdXBhYmFzZS1kZW1vIiwicm9sZSI6InNlcnZpY2Vfcm9sZSIsImV4cCI6MTk4MzgxMjk5Nn0.EGIM96RAZx35lJzdJsyH-qQwv8Hdp7fsn3W0YpN81IU"},{"name":"authorization","value":"Bearer eyJhbGciOiJIUzI1NiIsInR5cCI6IkpXVCJ9.eyJpc3MiOiJzdXBhYmFzZS1kZW1vIiwicm9sZSI6InNlcnZpY2Vfcm9sZSIsImV4cCI6MTk4MzgxMjk5Nn0.EGIM96RAZx35lJzdJsyH-qQwv8Hdp7fsn3W0YpN81IU"},{"name":"prefer","value":"return=representation"}],"jsonData":"{\"tenant_id\":\"00000000-0000-4000-9000-000000000003\",\"full_name_en\":\"Rana en-muzite96ppq\",\"full_name_ar\":\"رنا en-muzite96ppq\",\"user_id\":null}"},"stepId":"pw:api@57"}
{"type":"log","callId":"call@46","time":2603.871,"message":"→ POST http://127.0.0.1:54321/rest/v1/staff_members"}
{"type":"log","callId":"call@46","time":2603.88,"message":"  user-agent: Mozilla/5.0 (Windows NT 10.0; Win64; x64) AppleWebKit/537.36 (KHTML, like Gecko) Chrome/153.0.8010.12 Safari/537.36"}
{"type":"log","callId":"call@46","time":2603.882,"message":"  accept: */*"}
{"type":"log","callId":"call@46","time":2603.883,"message":"  accept-encoding: gzip,deflate,br"}
{"type":"log","callId":"call@46","time":2603.884,"message":"  apikey: eyJhbGciOiJIUzI1NiIsInR5cCI6IkpXVCJ9.eyJpc3MiOiJzdXBhYmFzZS1kZW1vIiwicm9sZSI6InNlcnZpY2Vfcm9sZSIsImV4cCI6MTk4MzgxMjk5Nn0.EGIM96RAZx35lJzdJsyH-qQwv8Hdp7fsn3W0YpN81IU"}
{"type":"log","callId":"call@46","time":2603.885,"message":"  authorization: Bearer eyJhbGciOiJIUzI1NiIsInR5cCI6IkpXVCJ9.eyJpc3MiOiJzdXBhYmFzZS1kZW1vIiwicm9sZSI6InNlcnZpY2Vfcm9sZSIsImV4cCI6MTk4MzgxMjk5Nn0.EGIM96RAZx35lJzdJsyH-qQwv8Hdp7fsn3W0YpN81IU"}
{"type":"log","callId":"call@46","time":2603.888,"message":"  prefer: return=representation"}
{"type":"log","callId":"call@46","time":2603.889,"message":"  content-type: application/json"}
{"type":"log","callId":"call@46","time":2603.89,"message":"  content-length: 143"}
{"type":"log","callId":"call@46","time":2609.532,"message":"← 201 Created"}
{"type":"log","callId":"call@46","time":2609.536,"message":"  content-type: application/json; charset=utf-8"}
{"type":"log","callId":"call@46","time":2609.538,"message":"  content-length: 481"}
{"type":"log","callId":"call@46","time":2609.539,"message":"  connection: keep-alive"}
{"type":"log","callId":"call@46","time":2609.54,"message":"  date: Thu, 08 Oct 2026 12:36:40 GMT"}
{"type":"log","callId":"call@46","time":2609.541,"message":"  server: postgrest/14.18"}
{"type":"log","callId":"call@46","time":2609.542,"message":"  content-range: */*"}
{"type":"log","callId":"call@46","time":2609.543,"message":"  preference-applied: return=representation"}
{"type":"log","callId":"call@46","time":2609.545,"message":"  content-profile: public"}
{"type":"log","callId":"call@46","time":2609.546,"message":"  access-control-allow-origin: *"}
{"type":"log","callId":"call@46","time":2609.547,"message":"  x-kong-upstream-latency: 5"}
{"type":"log","callId":"call@46","time":2609.548,"message":"  x-kong-proxy-latency: 0"}
{"type":"log","callId":"call@46","time":2609.549,"message":"  via: kong/2.8.1"}
{"type":"after","callId":"call@46","endTime":2609.628,"result":{"response":{"url":"http://127.0.0.1:54321/rest/v1/staff_members","status":201,"statusText":"Created","headers":[{"name":"Content-Type","value":"application/json; charset=utf-8"},{"name":"Content-Length","value":"481"},{"name":"Connection","value":"keep-alive"},{"name":"Date","value":"Thu, 08 Oct 2026 12:36:40 GMT"},{"name":"Server","value":"postgrest/14.18"},{"name":"Content-Range","value":"*/*"},{"name":"Preference-Applied","value":"return=representation"},{"name":"Content-Profile","value":"public"},{"name":"Access-Control-Allow-Origin","value":"*"},{"name":"X-Kong-Upstream-Latency","value":"5"},{"name":"X-Kong-Proxy-Latency","value":"0"},{"name":"Via","value":"kong/2.8.1"}],"serverAddr":{"ipAddress":"127.0.0.1","port":54321},"timing":{"startTime":1791463000995,"domainLookupStart":-1,"domainLookupEnd":-1,"connectStart":-1,"secureConnectionStart":-1,"connectEnd":-1,"requestStart":0.2689999999997781,"responseStart":5.557999999999993},"responseEndTiming":5.699999999999818,"fetchUid":"56f905588e5d886dd796be742c2378e6"}}}
{"type":"before","callId":"call@50","startTime":2611.251,"class":"APIRequestContext","method":"fetch","params":{"url":"http://127.0.0.1:54321/rest/v1/staff_branch_assignments","method":"POST","headers":[{"name":"apikey","value":"eyJhbGciOiJIUzI1NiIsInR5cCI6IkpXVCJ9.eyJpc3MiOiJzdXBhYmFzZS1kZW1vIiwicm9sZSI6InNlcnZpY2Vfcm9sZSIsImV4cCI6MTk4MzgxMjk5Nn0.EGIM96RAZx35lJzdJsyH-qQwv8Hdp7fsn3W0YpN81IU"},{"name":"authorization","value":"Bearer eyJhbGciOiJIUzI1NiIsInR5cCI6IkpXVCJ9.eyJpc3MiOiJzdXBhYmFzZS1kZW1vIiwicm9sZSI6InNlcnZpY2Vfcm9sZSIsImV4cCI6MTk4MzgxMjk5Nn0.EGIM96RAZx35lJzdJsyH-qQwv8Hdp7fsn3W0YpN81IU"},{"name":"prefer","value":"return=representation"}],"jsonData":"{\"tenant_id\":\"00000000-0000-4000-9000-000000000003\",\"staff_id\":\"a444125d-8c99-43d2-921c-ac044e7a5e53\",\"branch_id\":\"00000000-0000-4000-a000-000000000004\",\"is_default\":true}"},"stepId":"pw:api@59"}
{"type":"log","callId":"call@50","time":2611.591,"message":"→ POST http://127.0.0.1:54321/rest/v1/staff_branch_assignments"}
{"type":"log","callId":"call@50","time":2611.596,"message":"  user-agent: Mozilla/5.0 (Windows NT 10.0; Win64; x64) AppleWebKit/537.36 (KHTML, like Gecko) Chrome/153.0.8010.12 Safari/537.36"}
{"type":"log","callId":"call@50","time":2611.597,"message":"  accept: */*"}
{"type":"log","callId":"call@50","time":2611.599,"message":"  accept-encoding: gzip,deflate,br"}
{"type":"log","callId":"call@50","time":2611.599,"message":"  apikey: eyJhbGciOiJIUzI1NiIsInR5cCI6IkpXVCJ9.eyJpc3MiOiJzdXBhYmFzZS1kZW1vIiwicm9sZSI6InNlcnZpY2Vfcm9sZSIsImV4cCI6MTk4MzgxMjk5Nn0.EGIM96RAZx35lJzdJsyH-qQwv8Hdp7fsn3W0YpN81IU"}
{"type":"log","callId":"call@50","time":2611.6,"message":"  authorization: Bearer eyJhbGciOiJIUzI1NiIsInR5cCI6IkpXVCJ9.eyJpc3MiOiJzdXBhYmFzZS1kZW1vIiwicm9sZSI6InNlcnZpY2Vfcm9sZSIsImV4cCI6MTk4MzgxMjk5Nn0.EGIM96RAZx35lJzdJsyH-qQwv8Hdp7fsn3W0YpN81IU"}
{"type":"log","callId":"call@50","time":2611.602,"message":"  prefer: return=representation"}
{"type":"log","callId":"call@50","time":2611.602,"message":"  content-type: application/json"}
{"type":"log","callId":"call@50","time":2611.603,"message":"  content-length: 171"}
{"type":"log","callId":"call@50","time":2636.998,"message":"← 201 Created"}
{"type":"log","callId":"call@50","time":2637.003,"message":"  content-type: application/json; charset=utf-8"}
{"type":"log","callId":"call@50","time":2637.005,"message":"  content-length: 368"}
{"type":"log","callId":"call@50","time":2637.006,"message":"  connection: keep-alive"}
{"type":"log","callId":"call@50","time":2637.007,"message":"  date: Thu, 08 Oct 2026 12:36:40 GMT"}
{"type":"log","callId":"call@50","time":2637.014,"message":"  server: postgrest/14.18"}
{"type":"log","callId":"call@50","time":2637.015,"message":"  content-range: */*"}
{"type":"log","callId":"call@50","time":2637.016,"message":"  preference-applied: return=representation"}
{"type":"log","callId":"call@50","time":2637.017,"message":"  content-profile: public"}
{"type":"log","callId":"call@50","time":2637.018,"message":"  access-control-allow-origin: *"}
{"type":"log","callId":"call@50","time":2637.019,"message":"  x-kong-upstream-latency: 22"}
{"type":"log","callId":"call@50","time":2637.02,"message":"  x-kong-proxy-latency: 0"}
{"type":"log","callId":"call@50","time":2637.021,"message":"  via: kong/2.8.1"}
{"type":"after","callId":"call@50","endTime":2637.093,"result":{"response":{"url":"http://127.0.0.1:54321/rest/v1/staff_branch_assignments","status":201,"statusText":"Created","headers":[{"name":"Content-Type","value":"application/json; charset=utf-8"},{"name":"Content-Length","value":"368"},{"name":"Connection","value":"keep-alive"},{"name":"Date","value":"Thu, 08 Oct 2026 12:36:40 GMT"},{"name":"Server","value":"postgrest/14.18"},{"name":"Content-Range","value":"*/*"},{"name":"Preference-Applied","value":"return=representation"},{"name":"Content-Profile","value":"public"},{"name":"Access-Control-Allow-Origin","value":"*"},{"name":"X-Kong-Upstream-Latency","value":"22"},{"name":"X-Kong-Proxy-Latency","value":"0"},{"name":"Via","value":"kong/2.8.1"}],"serverAddr":{"ipAddress":"127.0.0.1","port":54321},"timing":{"startTime":1791463001003,"domainLookupStart":-1,"domainLookupEnd":-1,"connectStart":-1,"secureConnectionStart":-1,"connectEnd":-1,"requestStart":0.18299999999999272,"responseStart":24.833000000000084},"responseEndTiming":25.314000000000306,"fetchUid":"0cc8a5dae5cb3e6ca2ed437cb9e06b8b"}}}
{"type":"before","callId":"call@54","startTime":2641.352,"class":"APIRequestContext","method":"fetch","params":{"url":"http://127.0.0.1:54321/rest/v1/service_staff","method":"POST","headers":[{"name":"apikey","value":"eyJhbGciOiJIUzI1NiIsInR5cCI6IkpXVCJ9.eyJpc3MiOiJzdXBhYmFzZS1kZW1vIiwicm9sZSI6InNlcnZpY2Vfcm9sZSIsImV4cCI6MTk4MzgxMjk5Nn0.EGIM96RAZx35lJzdJsyH-qQwv8Hdp7fsn3W0YpN81IU"},{"name":"authorization","value":"Bearer eyJhbGciOiJIUzI1NiIsInR5cCI6IkpXVCJ9.eyJpc3MiOiJzdXBhYmFzZS1kZW1vIiwicm9sZSI6InNlcnZpY2Vfcm9sZSIsImV4cCI6MTk4MzgxMjk5Nn0.EGIM96RAZx35lJzdJsyH-qQwv8Hdp7fsn3W0YpN81IU"},{"name":"prefer","value":"return=representation"}],"jsonData":"[{\"tenant_id\":\"00000000-0000-4000-9000-000000000003\",\"service_id\":\"1de54757-c0d4-43e1-8f64-c75ca1cf3064\",\"branch_id\":\"00000000-0000-4000-a000-000000000004\",\"staff_id\":\"a444125d-8c99-43d2-921c-ac044e7a5e53\"}]"},"stepId":"pw:api@61"}
{"type":"log","callId":"call@54","time":2641.861,"message":"→ POST http://127.0.0.1:54321/rest/v1/service_staff"}
{"type":"log","callId":"call@54","time":2641.886,"message":"  user-agent: Mozilla/5.0 (Windows NT 10.0; Win64; x64) AppleWebKit/537.36 (KHTML, like Gecko) Chrome/153.0.8010.12 Safari/537.36"}
{"type":"log","callId":"call@54","time":2641.987,"message":"  accept: */*"}
{"type":"log","callId":"call@54","time":2641.996,"message":"  accept-encoding: gzip,deflate,br"}
{"type":"log","callId":"call@54","time":2641.999,"message":"  apikey: eyJhbGciOiJIUzI1NiIsInR5cCI6IkpXVCJ9.eyJpc3MiOiJzdXBhYmFzZS1kZW1vIiwicm9sZSI6InNlcnZpY2Vfcm9sZSIsImV4cCI6MTk4MzgxMjk5Nn0.EGIM96RAZx35lJzdJsyH-qQwv8Hdp7fsn3W0YpN81IU"}
{"type":"log","callId":"call@54","time":2642,"message":"  authorization: Bearer eyJhbGciOiJIUzI1NiIsInR5cCI6IkpXVCJ9.eyJpc3MiOiJzdXBhYmFzZS1kZW1vIiwicm9sZSI6InNlcnZpY2Vfcm9sZSIsImV4cCI6MTk4MzgxMjk5Nn0.EGIM96RAZx35lJzdJsyH-qQwv8Hdp7fsn3W0YpN81IU"}
{"type":"log","callId":"call@54","time":2642.001,"message":"  prefer: return=representation"}
{"type":"log","callId":"call@54","time":2642.003,"message":"  content-type: application/json"}
{"type":"log","callId":"call@54","time":2642.004,"message":"  content-length: 207"}
{"type":"log","callId":"call@54","time":2657.719,"message":"← 201 Created"}
{"type":"log","callId":"call@54","time":2657.728,"message":"  content-type: application/json; charset=utf-8"}
{"type":"log","callId":"call@54","time":2657.735,"message":"  content-length: 383"}
{"type":"log","callId":"call@54","time":2657.737,"message":"  connection: keep-alive"}
{"type":"log","callId":"call@54","time":2657.738,"message":"  date: Thu, 08 Oct 2026 12:36:40 GMT"}
{"type":"log","callId":"call@54","time":2657.739,"message":"  server: postgrest/14.18"}
{"type":"log","callId":"call@54","time":2657.74,"message":"  content-range: */*"}
{"type":"log","callId":"call@54","time":2657.741,"message":"  preference-applied: return=representation"}
{"type":"log","callId":"call@54","time":2657.742,"message":"  content-profile: public"}
{"type":"log","callId":"call@54","time":2657.744,"message":"  access-control-allow-origin: *"}
{"type":"log","callId":"call@54","time":2657.745,"message":"  x-kong-upstream-latency: 13"}
{"type":"log","callId":"call@54","time":2657.746,"message":"  x-kong-proxy-latency: 0"}
{"type":"log","callId":"call@54","time":2657.746,"message":"  via: kong/2.8.1"}
{"type":"after","callId":"call@54","endTime":2657.821,"result":{"response":{"url":"http://127.0.0.1:54321/rest/v1/service_staff","status":201,"statusText":"Created","headers":[{"name":"Content-Type","value":"application/json; charset=utf-8"},{"name":"Content-Length","value":"383"},{"name":"Connection","value":"keep-alive"},{"name":"Date","value":"Thu, 08 Oct 2026 12:36:40 GMT"},{"name":"Server","value":"postgrest/14.18"},{"name":"Content-Range","value":"*/*"},{"name":"Preference-Applied","value":"return=representation"},{"name":"Content-Profile","value":"public"},{"name":"Access-Control-Allow-Origin","value":"*"},{"name":"X-Kong-Upstream-Latency","value":"13"},{"name":"X-Kong-Proxy-Latency","value":"0"},{"name":"Via","value":"kong/2.8.1"}],"serverAddr":{"ipAddress":"127.0.0.1","port":54321},"timing":{"startTime":1791463001033,"domainLookupStart":-1,"domainLookupEnd":-1,"connectStart":-1,"secureConnectionStart":-1,"connectEnd":-1,"requestStart":0.5399999999999636,"responseStart":15.317000000000007},"responseEndTiming":15.460000000000036,"fetchUid":"0811d3d0fd7e620d0ea058b439b4ecef"}}}
{"type":"before","callId":"call@58","startTime":2660.079,"class":"APIRequestContext","method":"fetch","params":{"url":"http://127.0.0.1:54321/rest/v1/shifts","method":"POST","headers":[{"name":"apikey","value":"eyJhbGciOiJIUzI1NiIsInR5cCI6IkpXVCJ9.eyJpc3MiOiJzdXBhYmFzZS1kZW1vIiwicm9sZSI6InNlcnZpY2Vfcm9sZSIsImV4cCI6MTk4MzgxMjk5Nn0.EGIM96RAZx35lJzdJsyH-qQwv8Hdp7fsn3W0YpN81IU"},{"name":"authorization","value":"Bearer eyJhbGciOiJIUzI1NiIsInR5cCI6IkpXVCJ9.eyJpc3MiOiJzdXBhYmFzZS1kZW1vIiwicm9sZSI6InNlcnZpY2Vfcm9sZSIsImV4cCI6MTk4MzgxMjk5Nn0.EGIM96RAZx35lJzdJsyH-qQwv8Hdp7fsn3W0YpN81IU"},{"name":"prefer","value":"return=representation"}],"jsonData":"[{\"tenant_id\":\"00000000-0000-4000-9000-000000000003\",\"staff_id\":\"a444125d-8c99-43d2-921c-ac044e7a5e53\",\"branch_id\":\"00000000-0000-4000-a000-000000000004\",\"starts_at\":\"2026-10-09T09:00:00+03:00\",\"ends_at\":\"2026-10-09T22:00:00+03:00\"}]"},"stepId":"pw:api@63"}
{"type":"log","callId":"call@58","time":2660.855,"message":"→ POST http://127.0.0.1:54321/rest/v1/shifts"}
{"type":"log","callId":"call@58","time":2660.866,"message":"  user-agent: Mozilla/5.0 (Windows NT 10.0; Win64; x64) AppleWebKit/537.36 (KHTML, like Gecko) Chrome/153.0.8010.12 Safari/537.36"}
{"type":"log","callId":"call@58","time":2660.868,"message":"  accept: */*"}
{"type":"log","callId":"call@58","time":2660.87,"message":"  accept-encoding: gzip,deflate,br"}
{"type":"log","callId":"call@58","time":2660.873,"message":"  apikey: eyJhbGciOiJIUzI1NiIsInR5cCI6IkpXVCJ9.eyJpc3MiOiJzdXBhYmFzZS1kZW1vIiwicm9sZSI6InNlcnZpY2Vfcm9sZSIsImV4cCI6MTk4MzgxMjk5Nn0.EGIM96RAZx35lJzdJsyH-qQwv8Hdp7fsn3W0YpN81IU"}
{"type":"log","callId":"call@58","time":2660.874,"message":"  authorization: Bearer eyJhbGciOiJIUzI1NiIsInR5cCI6IkpXVCJ9.eyJpc3MiOiJzdXBhYmFzZS1kZW1vIiwicm9sZSI6InNlcnZpY2Vfcm9sZSIsImV4cCI6MTk4MzgxMjk5Nn0.EGIM96RAZx35lJzdJsyH-qQwv8Hdp7fsn3W0YpN81IU"}
{"type":"log","callId":"call@58","time":2660.875,"message":"  prefer: return=representation"}
{"type":"log","callId":"call@58","time":2660.876,"message":"  content-type: application/json"}
{"type":"log","callId":"call@58","time":2660.877,"message":"  content-length: 233"}
{"type":"log","callId":"call@58","time":2679.293,"message":"← 201 Created"}
{"type":"log","callId":"call@58","time":2679.319,"message":"  content-type: application/json; charset=utf-8"}
{"type":"log","callId":"call@58","time":2679.322,"message":"  content-length: 409"}
{"type":"log","callId":"call@58","time":2679.324,"message":"  connection: keep-alive"}
{"type":"log","callId":"call@58","time":2679.329,"message":"  date: Thu, 08 Oct 2026 12:36:40 GMT"}
{"type":"log","callId":"call@58","time":2679.331,"message":"  server: postgrest/14.18"}
{"type":"log","callId":"call@58","time":2679.332,"message":"  content-range: */*"}
{"type":"log","callId":"call@58","time":2679.333,"message":"  preference-applied: return=representation"}
{"type":"log","callId":"call@58","time":2679.335,"message":"  content-profile: public"}
{"type":"log","callId":"call@58","time":2679.365,"message":"  access-control-allow-origin: *"}
{"type":"log","callId":"call@58","time":2679.369,"message":"  x-kong-upstream-latency: 12"}
{"type":"log","callId":"call@58","time":2679.375,"message":"  x-kong-proxy-latency: 1"}
{"type":"log","callId":"call@58","time":2679.377,"message":"  via: kong/2.8.1"}
{"type":"after","callId":"call@58","endTime":2679.628,"result":{"response":{"url":"http://127.0.0.1:54321/rest/v1/shifts","status":201,"statusText":"Created","headers":[{"name":"Content-Type","value":"application/json; charset=utf-8"},{"name":"Content-Length","value":"409"},{"name":"Connection","value":"keep-alive"},{"name":"Date","value":"Thu, 08 Oct 2026 12:36:40 GMT"},{"name":"Server","value":"postgrest/14.18"},{"name":"Content-Range","value":"*/*"},{"name":"Preference-Applied","value":"return=representation"},{"name":"Content-Profile","value":"public"},{"name":"Access-Control-Allow-Origin","value":"*"},{"name":"X-Kong-Upstream-Latency","value":"12"},{"name":"X-Kong-Proxy-Latency","value":"1"},{"name":"Via","value":"kong/2.8.1"}],"serverAddr":{"ipAddress":"127.0.0.1","port":54321},"timing":{"startTime":1791463001052,"domainLookupStart":-1,"domainLookupEnd":-1,"connectStart":-1,"secureConnectionStart":-1,"connectEnd":-1,"requestStart":0.22699999999986176,"responseStart":18.028000000000247},"responseEndTiming":18.16300000000001,"fetchUid":"123072f86987d69c74ddee76e22633a7"}}}
{"type":"before","callId":"call@62","startTime":2683.418,"class":"APIRequestContext","method":"fetch","params":{"url":"http://127.0.0.1:54321/rest/v1/clients","method":"POST","headers":[{"name":"apikey","value":"eyJhbGciOiJIUzI1NiIsInR5cCI6IkpXVCJ9.eyJpc3MiOiJzdXBhYmFzZS1kZW1vIiwicm9sZSI6InNlcnZpY2Vfcm9sZSIsImV4cCI6MTk4MzgxMjk5Nn0.EGIM96RAZx35lJzdJsyH-qQwv8Hdp7fsn3W0YpN81IU"},{"name":"authorization","value":"Bearer eyJhbGciOiJIUzI1NiIsInR5cCI6IkpXVCJ9.eyJpc3MiOiJzdXBhYmFzZS1kZW1vIiwicm9sZSI6InNlcnZpY2Vfcm9sZSIsImV4cCI6MTk4MzgxMjk5Nn0.EGIM96RAZx35lJzdJsyH-qQwv8Hdp7fsn3W0YpN81IU"},{"name":"prefer","value":"return=representation"}],"jsonData":"{\"tenant_id\":\"00000000-0000-4000-9000-000000000003\",\"first_name\":\"Sara\",\"last_name\":\"en-muzite96ppq\",\"first_name_alt\":\"سارة\",\"last_name_alt\":\"en-muzite96ppq\",\"allergies\":\"Latex\"}"},"stepId":"pw:api@65"}
{"type":"log","callId":"call@62","time":2683.705,"message":"→ POST http://127.0.0.1:54321/rest/v1/clients"}
{"type":"log","callId":"call@62","time":2683.712,"message":"  user-agent: Mozilla/5.0 (Windows NT 10.0; Win64; x64) AppleWebKit/537.36 (KHTML, like Gecko) Chrome/153.0.8010.12 Safari/537.36"}
{"type":"log","callId":"call@62","time":2683.714,"message":"  accept: */*"}
{"type":"log","callId":"call@62","time":2683.714,"message":"  accept-encoding: gzip,deflate,br"}
{"type":"log","callId":"call@62","time":2683.715,"message":"  apikey: eyJhbGciOiJIUzI1NiIsInR5cCI6IkpXVCJ9.eyJpc3MiOiJzdXBhYmFzZS1kZW1vIiwicm9sZSI6InNlcnZpY2Vfcm9sZSIsImV4cCI6MTk4MzgxMjk5Nn0.EGIM96RAZx35lJzdJsyH-qQwv8Hdp7fsn3W0YpN81IU"}
{"type":"log","callId":"call@62","time":2683.716,"message":"  authorization: Bearer eyJhbGciOiJIUzI1NiIsInR5cCI6IkpXVCJ9.eyJpc3MiOiJzdXBhYmFzZS1kZW1vIiwicm9sZSI6InNlcnZpY2Vfcm9sZSIsImV4cCI6MTk4MzgxMjk5Nn0.EGIM96RAZx35lJzdJsyH-qQwv8Hdp7fsn3W0YpN81IU"}
{"type":"log","callId":"call@62","time":2683.717,"message":"  prefer: return=representation"}
{"type":"log","callId":"call@62","time":2683.718,"message":"  content-type: application/json"}
{"type":"log","callId":"call@62","time":2683.719,"message":"  content-length: 182"}
{"type":"log","callId":"call@62","time":2698.226,"message":"← 201 Created"}
{"type":"log","callId":"call@62","time":2698.232,"message":"  content-type: application/json; charset=utf-8"}
{"type":"log","callId":"call@62","time":2698.234,"message":"  content-length: 693"}
{"type":"log","callId":"call@62","time":2698.237,"message":"  connection: keep-alive"}
{"type":"log","callId":"call@62","time":2698.238,"message":"  date: Thu, 08 Oct 2026 12:36:40 GMT"}
{"type":"log","callId":"call@62","time":2698.239,"message":"  server: postgrest/14.18"}
{"type":"log","callId":"call@62","time":2698.24,"message":"  content-range: */*"}
{"type":"log","callId":"call@62","time":2698.241,"message":"  preference-applied: return=representation"}
{"type":"log","callId":"call@62","time":2698.242,"message":"  content-profile: public"}
{"type":"log","callId":"call@62","time":2698.243,"message":"  access-control-allow-origin: *"}
{"type":"log","callId":"call@62","time":2698.245,"message":"  x-kong-upstream-latency: 11"}
{"type":"log","callId":"call@62","time":2698.247,"message":"  x-kong-proxy-latency: 0"}
{"type":"log","callId":"call@62","time":2698.248,"message":"  via: kong/2.8.1"}
{"type":"after","callId":"call@62","endTime":2698.325,"result":{"response":{"url":"http://127.0.0.1:54321/rest/v1/clients","status":201,"statusText":"Created","headers":[{"name":"Content-Type","value":"application/json; charset=utf-8"},{"name":"Content-Length","value":"693"},{"name":"Connection","value":"keep-alive"},{"name":"Date","value":"Thu, 08 Oct 2026 12:36:40 GMT"},{"name":"Server","value":"postgrest/14.18"},{"name":"Content-Range","value":"*/*"},{"name":"Preference-Applied","value":"return=representation"},{"name":"Content-Profile","value":"public"},{"name":"Access-Control-Allow-Origin","value":"*"},{"name":"X-Kong-Upstream-Latency","value":"11"},{"name":"X-Kong-Proxy-Latency","value":"0"},{"name":"Via","value":"kong/2.8.1"}],"serverAddr":{"ipAddress":"127.0.0.1","port":54321},"timing":{"startTime":1791463001075,"domainLookupStart":-1,"domainLookupEnd":-1,"connectStart":-1,"secureConnectionStart":-1,"connectEnd":-1,"requestStart":0.1619999999998072,"responseStart":14.309999999999945},"responseEndTiming":14.467000000000098,"fetchUid":"dd933f366eb433d6ebdc56acbc21583e"}}}
{"type":"before","callId":"call@66","startTime":2701.457,"class":"APIRequestContext","method":"fetch","params":{"url":"http://127.0.0.1:54321/rest/v1/clients","method":"POST","headers":[{"name":"apikey","value":"eyJhbGciOiJIUzI1NiIsInR5cCI6IkpXVCJ9.eyJpc3MiOiJzdXBhYmFzZS1kZW1vIiwicm9sZSI6InNlcnZpY2Vfcm9sZSIsImV4cCI6MTk4MzgxMjk5Nn0.EGIM96RAZx35lJzdJsyH-qQwv8Hdp7fsn3W0YpN81IU"},{"name":"authorization","value":"Bearer eyJhbGciOiJIUzI1NiIsInR5cCI6IkpXVCJ9.eyJpc3MiOiJzdXBhYmFzZS1kZW1vIiwicm9sZSI6InNlcnZpY2Vfcm9sZSIsImV4cCI6MTk4MzgxMjk5Nn0.EGIM96RAZx35lJzdJsyH-qQwv8Hdp7fsn3W0YpN81IU"},{"name":"prefer","value":"return=representation"}],"jsonData":"{\"tenant_id\":\"00000000-0000-4000-9000-000000000003\",\"first_name\":\"Noura\",\"last_name\":\"en-muzite96ppq\",\"first_name_alt\":\"نورة\",\"last_name_alt\":\"en-muzite96ppq\",\"allergies\":null,\"is_blocked\":true,\"blocked_reason\":\"Unpaid\"}"},"stepId":"pw:api@67"}
{"type":"log","callId":"call@66","time":2701.748,"message":"→ POST http://127.0.0.1:54321/rest/v1/clients"}
{"type":"log","callId":"call@66","time":2701.752,"message":"  user-agent: Mozilla/5.0 (Windows NT 10.0; Win64; x64) AppleWebKit/537.36 (KHTML, like Gecko) Chrome/153.0.8010.12 Safari/537.36"}
{"type":"log","callId":"call@66","time":2701.754,"message":"  accept: */*"}
{"type":"log","callId":"call@66","time":2701.755,"message":"  accept-encoding: gzip,deflate,br"}
{"type":"log","callId":"call@66","time":2701.756,"message":"  apikey: eyJhbGciOiJIUzI1NiIsInR5cCI6IkpXVCJ9.eyJpc3MiOiJzdXBhYmFzZS1kZW1vIiwicm9sZSI6InNlcnZpY2Vfcm9sZSIsImV4cCI6MTk4MzgxMjk5Nn0.EGIM96RAZx35lJzdJsyH-qQwv8Hdp7fsn3W0YpN81IU"}
{"type":"log","callId":"call@66","time":2701.757,"message":"  authorization: Bearer eyJhbGciOiJIUzI1NiIsInR5cCI6IkpXVCJ9.eyJpc3MiOiJzdXBhYmFzZS1kZW1vIiwicm9sZSI6InNlcnZpY2Vfcm9sZSIsImV4cCI6MTk4MzgxMjk5Nn0.EGIM96RAZx35lJzdJsyH-qQwv8Hdp7fsn3W0YpN81IU"}
{"type":"log","callId":"call@66","time":2701.759,"message":"  prefer: return=representation"}
{"type":"log","callId":"call@66","time":2701.761,"message":"  content-type: application/json"}
{"type":"log","callId":"call@66","time":2701.762,"message":"  content-length: 224"}
{"type":"log","callId":"call@66","time":2712.838,"message":"← 201 Created"}
{"type":"log","callId":"call@66","time":2712.845,"message":"  content-type: application/json; charset=utf-8"}
{"type":"log","callId":"call@66","time":2712.847,"message":"  content-length: 695"}
{"type":"log","callId":"call@66","time":2712.848,"message":"  connection: keep-alive"}
{"type":"log","callId":"call@66","time":2712.849,"message":"  date: Thu, 08 Oct 2026 12:36:40 GMT"}
{"type":"log","callId":"call@66","time":2712.85,"message":"  server: postgrest/14.18"}
{"type":"log","callId":"call@66","time":2712.851,"message":"  content-range: */*"}
{"type":"log","callId":"call@66","time":2712.852,"message":"  preference-applied: return=representation"}
{"type":"log","callId":"call@66","time":2712.855,"message":"  content-profile: public"}
{"type":"log","callId":"call@66","time":2712.856,"message":"  access-control-allow-origin: *"}
{"type":"log","callId":"call@66","time":2712.857,"message":"  x-kong-upstream-latency: 8"}
{"type":"log","callId":"call@66","time":2712.858,"message":"  x-kong-proxy-latency: 0"}
{"type":"log","callId":"call@66","time":2712.859,"message":"  via: kong/2.8.1"}
{"type":"after","callId":"call@66","endTime":2712.921,"result":{"response":{"url":"http://127.0.0.1:54321/rest/v1/clients","status":201,"statusText":"Created","headers":[{"name":"Content-Type","value":"application/json; charset=utf-8"},{"name":"Content-Length","value":"695"},{"name":"Connection","value":"keep-alive"},{"name":"Date","value":"Thu, 08 Oct 2026 12:36:40 GMT"},{"name":"Server","value":"postgrest/14.18"},{"name":"Content-Range","value":"*/*"},{"name":"Preference-Applied","value":"return=representation"},{"name":"Content-Profile","value":"public"},{"name":"Access-Control-Allow-Origin","value":"*"},{"name":"X-Kong-Upstream-Latency","value":"8"},{"name":"X-Kong-Proxy-Latency","value":"0"},{"name":"Via","value":"kong/2.8.1"}],"serverAddr":{"ipAddress":"127.0.0.1","port":54321},"timing":{"startTime":1791463001093,"domainLookupStart":-1,"domainLookupEnd":-1,"connectStart":-1,"secureConnectionStart":-1,"connectEnd":-1,"requestStart":0.15599999999994907,"responseStart":10.731999999999971},"responseEndTiming":11.027000000000044,"fetchUid":"593cc4c50e210666feb818146a814d23"}}}
