{"version":9,"type":"context-options","origin":"library","browserName":"","playwrightVersion":"1.63.0","options":{},"platform":"darwin","wallTime":1791463002871,"monotonicTime":4479.875,"sdkLanguage":"javascript","title":"calendar-views.spec.ts:56 › the front desk sees the day by staff, filters to one person and opens their week"}
{"type":"before","callId":"call@150","startTime":4481.088,"class":"APIRequestContext","method":"fetch","params":{"url":"http://127.0.0.1:54321/rest/v1/services","method":"POST","headers":[{"name":"apikey","value":"eyJhbGciOiJIUzI1NiIsInR5cCI6IkpXVCJ9.eyJpc3MiOiJzdXBhYmFzZS1kZW1vIiwicm9sZSI6InNlcnZpY2Vfcm9sZSIsImV4cCI6MTk4MzgxMjk5Nn0.EGIM96RAZx35lJzdJsyH-qQwv8Hdp7fsn3W0YpN81IU"},{"name":"authorization","value":"Bearer eyJhbGciOiJIUzI1NiIsInR5cCI6IkpXVCJ9.eyJpc3MiOiJzdXBhYmFzZS1kZW1vIiwicm9sZSI6InNlcnZpY2Vfcm9sZSIsImV4cCI6MTk4MzgxMjk5Nn0.EGIM96RAZx35lJzdJsyH-qQwv8Hdp7fsn3W0YpN81IU"},{"name":"prefer","value":"return=representation"}],"jsonData":"{\"tenant_id\":\"00000000-0000-4000-9000-000000000003\",\"category_id\":\"b9a02232-6314-4c1d-88c5-86146dcc12b9\",\"name_en\":\"Facial en-muzitfqwrcl\",\"name_ar\":\"تنظيف بشرة en-muzitfqwrcl\",\"duration_minutes\":60,\"price_minor\":5000}"},"stepId":"pw:api@34"}
{"type":"log","callId":"call@150","time":4481.979,"message":"→ POST http://127.0.0.1:54321/rest/v1/services"}
{"type":"log","callId":"call@150","time":4481.989,"message":"  user-agent: Mozilla/5.0 (Windows NT 10.0; Win64; x64) AppleWebKit/537.36 (KHTML, like Gecko) Chrome/153.0.8010.12 Safari/537.36"}
{"type":"log","callId":"call@150","time":4481.992,"message":"  accept: */*"}
{"type":"log","callId":"call@150","time":4481.993,"message":"  accept-encoding: gzip,deflate,br"}
{"type":"log","callId":"call@150","time":4481.995,"message":"  apikey: eyJhbGciOiJIUzI1NiIsInR5cCI6IkpXVCJ9.eyJpc3MiOiJzdXBhYmFzZS1kZW1vIiwicm9sZSI6InNlcnZpY2Vfcm9sZSIsImV4cCI6MTk4MzgxMjk5Nn0.EGIM96RAZx35lJzdJsyH-qQwv8Hdp7fsn3W0YpN81IU"}
{"type":"log","callId":"call@150","time":4481.996,"message":"  authorization: Bearer eyJhbGciOiJIUzI1NiIsInR5cCI6IkpXVCJ9.eyJpc3MiOiJzdXBhYmFzZS1kZW1vIiwicm9sZSI6InNlcnZpY2Vfcm9sZSIsImV4cCI6MTk4MzgxMjk5Nn0.EGIM96RAZx35lJzdJsyH-qQwv8Hdp7fsn3W0YpN81IU"}
{"type":"log","callId":"call@150","time":4481.997,"message":"  prefer: return=representation"}
{"type":"log","callId":"call@150","time":4481.998,"message":"  content-type: application/json"}
{"type":"log","callId":"call@150","time":4482,"message":"  content-length: 227"}
{"type":"log","callId":"call@150","time":4487.681,"message":"← 201 Created"}
{"type":"log","callId":"call@150","time":4487.69,"message":"  content-type: application/json; charset=utf-8"}
{"type":"log","callId":"call@150","time":4487.693,"message":"  content-length: 605"}
{"type":"log","callId":"call@150","time":4487.694,"message":"  connection: keep-alive"}
{"type":"log","callId":"call@150","time":4487.696,"message":"  date: Thu, 08 Oct 2026 12:36:41 GMT"}
{"type":"log","callId":"call@150","time":4487.697,"message":"  server: postgrest/14.18"}
{"type":"log","callId":"call@150","time":4487.698,"message":"  content-range: */*"}
{"type":"log","callId":"call@150","time":4487.699,"message":"  preference-applied: return=representation"}
{"type":"log","callId":"call@150","time":4487.701,"message":"  content-profile: public"}
{"type":"log","callId":"call@150","time":4487.702,"message":"  access-control-allow-origin: *"}
{"type":"log","callId":"call@150","time":4487.703,"message":"  x-kong-upstream-latency: 3"}
{"type":"log","callId":"call@150","time":4487.704,"message":"  x-kong-proxy-latency: 0"}
{"type":"log","callId":"call@150","time":4487.705,"message":"  via: kong/2.8.1"}
{"type":"after","callId":"call@150","endTime":4487.793,"result":{"response":{"url":"http://127.0.0.1:54321/rest/v1/services","status":201,"statusText":"Created","headers":[{"name":"Content-Type","value":"application/json; charset=utf-8"},{"name":"Content-Length","value":"605"},{"name":"Connection","value":"keep-alive"},{"name":"Date","value":"Thu, 08 Oct 2026 12:36:41 GMT"},{"name":"Server","value":"postgrest/14.18"},{"name":"Content-Range","value":"*/*"},{"name":"Preference-Applied","value":"return=representation"},{"name":"Content-Profile","value":"public"},{"name":"Access-Control-Allow-Origin","value":"*"},{"name":"X-Kong-Upstream-Latency","value":"3"},{"name":"X-Kong-Proxy-Latency","value":"0"},{"name":"Via","value":"kong/2.8.1"}],"serverAddr":{"ipAddress":"127.0.0.1","port":54321},"timing":{"startTime":1791463002872,"domainLookupStart":-1,"domainLookupEnd":-1,"connectStart":0,"secureConnectionStart":-1,"connectEnd":0.8779999999997017,"requestStart":0.8779999999997017,"responseStart":5.432999999999993},"responseEndTiming":5.880000000000109,"fetchUid":"c04ade77e2172417516524a266aa6c8b"}}}
{"type":"before","callId":"call@154","startTime":4489.848,"class":"APIRequestContext","method":"fetch","params":{"url":"http://127.0.0.1:54321/auth/v1/admin/users","method":"POST","headers":[{"name":"apikey","value":"eyJhbGciOiJIUzI1NiIsInR5cCI6IkpXVCJ9.eyJpc3MiOiJzdXBhYmFzZS1kZW1vIiwicm9sZSI6InNlcnZpY2Vfcm9sZSIsImV4cCI6MTk4MzgxMjk5Nn0.EGIM96RAZx35lJzdJsyH-qQwv8Hdp7fsn3W0YpN81IU"},{"name":"authorization","value":"Bearer eyJhbGciOiJIUzI1NiIsInR5cCI6IkpXVCJ9.eyJpc3MiOiJzdXBhYmFzZS1kZW1vIiwicm9sZSI6InNlcnZpY2Vfcm9sZSIsImV4cCI6MTk4MzgxMjk5Nn0.EGIM96RAZx35lJzdJsyH-qQwv8Hdp7fsn3W0YpN81IU"},{"name":"prefer","value":"return=representation"}],"jsonData":"{\"email\":\"mine-en-muzitfqwrcl@spacorner.test\",\"password\":\"password123\",\"email_confirm\":true}"},"stepId":"pw:api@36"}
{"type":"log","callId":"call@154","time":4490.259,"message":"→ POST http://127.0.0.1:54321/auth/v1/admin/users"}
{"type":"log","callId":"call@154","time":4490.267,"message":"  user-agent: Mozilla/5.0 (Windows NT 10.0; Win64; x64) AppleWebKit/537.36 (KHTML, like Gecko) Chrome/153.0.8010.12 Safari/537.36"}
{"type":"log","callId":"call@154","time":4490.27,"message":"  accept: */*"}
{"type":"log","callId":"call@154","time":4490.271,"message":"  accept-encoding: gzip,deflate,br"}
{"type":"log","callId":"call@154","time":4490.272,"message":"  apikey: eyJhbGciOiJIUzI1NiIsInR5cCI6IkpXVCJ9.eyJpc3MiOiJzdXBhYmFzZS1kZW1vIiwicm9sZSI6InNlcnZpY2Vfcm9sZSIsImV4cCI6MTk4MzgxMjk5Nn0.EGIM96RAZx35lJzdJsyH-qQwv8Hdp7fsn3W0YpN81IU"}
{"type":"log","callId":"call@154","time":4490.273,"message":"  authorization: Bearer eyJhbGciOiJIUzI1NiIsInR5cCI6IkpXVCJ9.eyJpc3MiOiJzdXBhYmFzZS1kZW1vIiwicm9sZSI6InNlcnZpY2Vfcm9sZSIsImV4cCI6MTk4MzgxMjk5Nn0.EGIM96RAZx35lJzdJsyH-qQwv8Hdp7fsn3W0YpN81IU"}
{"type":"log","callId":"call@154","time":4490.274,"message":"  prefer: return=representation"}
{"type":"log","callId":"call@154","time":4490.276,"message":"  content-type: application/json"}
{"type":"log","callId":"call@154","time":4490.277,"message":"  content-length: 92"}
{"type":"log","callId":"call@154","time":4620.442,"message":"← 200 OK"}
{"type":"log","callId":"call@154","time":4620.448,"message":"  content-type: application/json"}
{"type":"log","callId":"call@154","time":4620.45,"message":"  content-length: 923"}
{"type":"log","callId":"call@154","time":4620.452,"message":"  connection: keep-alive"}
{"type":"log","callId":"call@154","time":4620.453,"message":"  vary: Origin"}
{"type":"log","callId":"call@154","time":4620.454,"message":"  date: Thu, 08 Oct 2026 12:36:43 GMT"}
{"type":"log","callId":"call@154","time":4620.456,"message":"  access-control-allow-origin: *"}
{"type":"log","callId":"call@154","time":4620.457,"message":"  x-kong-upstream-latency: 128"}
{"type":"log","callId":"call@154","time":4620.459,"message":"  x-kong-proxy-latency: 0"}
{"type":"log","callId":"call@154","time":4620.46,"message":"  via: kong/2.8.1"}
{"type":"after","callId":"call@154","endTime":4620.523,"result":{"response":{"url":"http://127.0.0.1:54321/auth/v1/admin/users","status":200,"statusText":"OK","headers":[{"name":"Content-Type","value":"application/json"},{"name":"Content-Length","value":"923"},{"name":"Connection","value":"keep-alive"},{"name":"Vary","value":"Origin"},{"name":"Date","value":"Thu, 08 Oct 2026 12:36:43 GMT"},{"name":"Access-Control-Allow-Origin","value":"*"},{"name":"X-Kong-Upstream-Latency","value":"128"},{"name":"X-Kong-Proxy-Latency","value":"0"},{"name":"Via","value":"kong/2.8.1"}],"serverAddr":{"ipAddress":"127.0.0.1","port":54321},"timing":{"startTime":1791463002881,"domainLookupStart":-1,"domainLookupEnd":-1,"connectStart":-1,"secureConnectionStart":-1,"connectEnd":-1,"requestStart":0.16299999999955617,"responseStart":129.8199999999997},"responseEndTiming":129.9429999999993,"fetchUid":"fb1c4e86664c51c1e13ce00f4154b669"}}}
{"type":"before","callId":"call@158","startTime":4624.945,"class":"APIRequestContext","method":"fetch","params":{"url":"http://127.0.0.1:54321/rest/v1/memberships","method":"POST","headers":[{"name":"apikey","value":"eyJhbGciOiJIUzI1NiIsInR5cCI6IkpXVCJ9.eyJpc3MiOiJzdXBhYmFzZS1kZW1vIiwicm9sZSI6InNlcnZpY2Vfcm9sZSIsImV4cCI6MTk4MzgxMjk5Nn0.EGIM96RAZx35lJzdJsyH-qQwv8Hdp7fsn3W0YpN81IU"},{"name":"authorization","value":"Bearer eyJhbGciOiJIUzI1NiIsInR5cCI6IkpXVCJ9.eyJpc3MiOiJzdXBhYmFzZS1kZW1vIiwicm9sZSI6InNlcnZpY2Vfcm9sZSIsImV4cCI6MTk4MzgxMjk5Nn0.EGIM96RAZx35lJzdJsyH-qQwv8Hdp7fsn3W0YpN81IU"},{"name":"prefer","value":"return=representation"}],"jsonData":"{\"tenant_id\":\"00000000-0000-4000-9000-000000000003\",\"user_id\":\"04520537-a545-4dc9-a084-7c2b2c354978\",\"role\":\"staff\",\"branch_id\":\"00000000-0000-4000-a000-000000000004\"}"},"stepId":"pw:api@38"}
{"type":"log","callId":"call@158","time":4625.445,"message":"→ POST http://127.0.0.1:54321/rest/v1/memberships"}
{"type":"log","callId":"call@158","time":4625.455,"message":"  user-agent: Mozilla/5.0 (Windows NT 10.0; Win64; x64) AppleWebKit/537.36 (KHTML, like Gecko) Chrome/153.0.8010.12 Safari/537.36"}
{"type":"log","callId":"call@158","time":4625.457,"message":"  accept: */*"}
{"type":"log","callId":"call@158","time":4625.458,"message":"  accept-encoding: gzip,deflate,br"}
{"type":"log","callId":"call@158","time":4625.466,"message":"  apikey: eyJhbGciOiJIUzI1NiIsInR5cCI6IkpXVCJ9.eyJpc3MiOiJzdXBhYmFzZS1kZW1vIiwicm9sZSI6InNlcnZpY2Vfcm9sZSIsImV4cCI6MTk4MzgxMjk5Nn0.EGIM96RAZx35lJzdJsyH-qQwv8Hdp7fsn3W0YpN81IU"}
{"type":"log","callId":"call@158","time":4625.467,"message":"  authorization: Bearer eyJhbGciOiJIUzI1NiIsInR5cCI6IkpXVCJ9.eyJpc3MiOiJzdXBhYmFzZS1kZW1vIiwicm9sZSI6InNlcnZpY2Vfcm9sZSIsImV4cCI6MTk4MzgxMjk5Nn0.EGIM96RAZx35lJzdJsyH-qQwv8Hdp7fsn3W0YpN81IU"}
{"type":"log","callId":"call@158","time":4625.469,"message":"  prefer: return=representation"}
{"type":"log","callId":"call@158","time":4625.47,"message":"  content-type: application/json"}
{"type":"log","callId":"call@158","time":4625.471,"message":"  content-length: 167"}
{"type":"log","callId":"call@158","time":4632.184,"message":"← 201 Created"}
{"type":"log","callId":"call@158","time":4632.191,"message":"  content-type: application/json; charset=utf-8"}
{"type":"log","callId":"call@158","time":4632.193,"message":"  content-length: 381"}
{"type":"log","callId":"call@158","time":4632.195,"message":"  connection: keep-alive"}
{"type":"log","callId":"call@158","time":4632.196,"message":"  date: Thu, 08 Oct 2026 12:36:42 GMT"}
{"type":"log","callId":"call@158","time":4632.197,"message":"  server: postgrest/14.18"}
{"type":"log","callId":"call@158","time":4632.2,"message":"  content-range: */*"}
{"type":"log","callId":"call@158","time":4632.201,"message":"  preference-applied: return=representation"}
{"type":"log","callId":"call@158","time":4632.202,"message":"  content-profile: public"}
{"type":"log","callId":"call@158","time":4632.204,"message":"  access-control-allow-origin: *"}
{"type":"log","callId":"call@158","time":4632.205,"message":"  x-kong-upstream-latency: 4"}
{"type":"log","callId":"call@158","time":4632.206,"message":"  x-kong-proxy-latency: 1"}
{"type":"log","callId":"call@158","time":4632.207,"message":"  via: kong/2.8.1"}
{"type":"after","callId":"call@158","endTime":4632.265,"result":{"response":{"url":"http://127.0.0.1:54321/rest/v1/memberships","status":201,"statusText":"Created","headers":[{"name":"Content-Type","value":"application/json; charset=utf-8"},{"name":"Content-Length","value":"381"},{"name":"Connection","value":"keep-alive"},{"name":"Date","value":"Thu, 08 Oct 2026 12:36:42 GMT"},{"name":"Server","value":"postgrest/14.18"},{"name":"Content-Range","value":"*/*"},{"name":"Preference-Applied","value":"return=representation"},{"name":"Content-Profile","value":"public"},{"name":"Access-Control-Allow-Origin","value":"*"},{"name":"X-Kong-Upstream-Latency","value":"4"},{"name":"X-Kong-Proxy-Latency","value":"1"},{"name":"Via","value":"kong/2.8.1"}],"serverAddr":{"ipAddress":"127.0.0.1","port":54321},"timing":{"startTime":1791463003016,"domainLookupStart":-1,"domainLookupEnd":-1,"connectStart":-1,"secureConnectionStart":-1,"connectEnd":-1,"requestStart":0.19700000000011642,"responseStart":6.3969999999999345},"responseEndTiming":6.649000000000342,"fetchUid":"809275315e2f58d238bcfb5134852bb2"}}}
{"type":"before","callId":"call@162","startTime":4635.784,"class":"APIRequestContext","method":"fetch","params":{"url":"http://127.0.0.1:54321/rest/v1/staff_members","method":"POST","headers":[{"name":"apikey","value":"eyJhbGciOiJIUzI1NiIsInR5cCI6IkpXVCJ9.eyJpc3MiOiJzdXBhYmFzZS1kZW1vIiwicm9sZSI6InNlcnZpY2Vfcm9sZSIsImV4cCI6MTk4MzgxMjk5Nn0.EGIM96RAZx35lJzdJsyH-qQwv8Hdp7fsn3W0YpN81IU"},{"name":"authorization","value":"Bearer eyJhbGciOiJIUzI1NiIsInR5cCI6IkpXVCJ9.eyJpc3MiOiJzdXBhYmFzZS1kZW1vIiwicm9sZSI6InNlcnZpY2Vfcm9sZSIsImV4cCI6MTk4MzgxMjk5Nn0.EGIM96RAZx35lJzdJsyH-qQwv8Hdp7fsn3W0YpN81IU"},{"name":"prefer","value":"return=representation"}],"jsonData":"{\"tenant_id\":\"00000000-0000-4000-9000-000000000003\",\"full_name_en\":\"Mona en-muzitfqwrcl\",\"full_name_ar\":\"منى en-muzitfqwrcl\",\"user_id\":\"04520537-a545-4dc9-a084-7c2b2c354978\"}"},"stepId":"pw:api@40"}
{"type":"log","callId":"call@162","time":4636.175,"message":"→ POST http://127.0.0.1:54321/rest/v1/staff_members"}
{"type":"log","callId":"call@162","time":4636.182,"message":"  user-agent: Mozilla/5.0 (Windows NT 10.0; Win64; x64) AppleWebKit/537.36 (KHTML, like Gecko) Chrome/153.0.8010.12 Safari/537.36"}
{"type":"log","callId":"call@162","time":4636.184,"message":"  accept: */*"}
{"type":"log","callId":"call@162","time":4636.185,"message":"  accept-encoding: gzip,deflate,br"}
{"type":"log","callId":"call@162","time":4636.186,"message":"  apikey: eyJhbGciOiJIUzI1NiIsInR5cCI6IkpXVCJ9.eyJpc3MiOiJzdXBhYmFzZS1kZW1vIiwicm9sZSI6InNlcnZpY2Vfcm9sZSIsImV4cCI6MTk4MzgxMjk5Nn0.EGIM96RAZx35lJzdJsyH-qQwv8Hdp7fsn3W0YpN81IU"}
{"type":"log","callId":"call@162","time":4636.187,"message":"  authorization: Bearer eyJhbGciOiJIUzI1NiIsInR5cCI6IkpXVCJ9.eyJpc3MiOiJzdXBhYmFzZS1kZW1vIiwicm9sZSI6InNlcnZpY2Vfcm9sZSIsImV4cCI6MTk4MzgxMjk5Nn0.EGIM96RAZx35lJzdJsyH-qQwv8Hdp7fsn3W0YpN81IU"}
{"type":"log","callId":"call@162","time":4636.188,"message":"  prefer: return=representation"}
{"type":"log","callId":"call@162","time":4636.189,"message":"  content-type: application/json"}
{"type":"log","callId":"call@162","time":4636.191,"message":"  content-length: 177"}
{"type":"log","callId":"call@162","time":4770.632,"message":"← 201 Created"}
{"type":"log","callId":"call@162","time":4770.638,"message":"  content-type: application/json; charset=utf-8"}
{"type":"log","callId":"call@162","time":4770.642,"message":"  content-length: 515"}
{"type":"log","callId":"call@162","time":4770.643,"message":"  connection: keep-alive"}
{"type":"log","callId":"call@162","time":4770.644,"message":"  date: Thu, 08 Oct 2026 12:36:42 GMT"}
{"type":"log","callId":"call@162","time":4770.646,"message":"  server: postgrest/14.18"}
{"type":"log","callId":"call@162","time":4770.647,"message":"  content-range: */*"}
{"type":"log","callId":"call@162","time":4770.648,"message":"  preference-applied: return=representation"}
{"type":"log","callId":"call@162","time":4770.649,"message":"  content-profile: public"}
{"type":"log","callId":"call@162","time":4770.65,"message":"  access-control-allow-origin: *"}
{"type":"log","callId":"call@162","time":4770.652,"message":"  x-kong-upstream-latency: 133"}
{"type":"log","callId":"call@162","time":4770.654,"message":"  x-kong-proxy-latency: 0"}
{"type":"log","callId":"call@162","time":4770.655,"message":"  via: kong/2.8.1"}
{"type":"after","callId":"call@162","endTime":4770.713,"result":{"response":{"url":"http://127.0.0.1:54321/rest/v1/staff_members","status":201,"statusText":"Created","headers":[{"name":"Content-Type","value":"application/json; charset=utf-8"},{"name":"Content-Length","value":"515"},{"name":"Connection","value":"keep-alive"},{"name":"Date","value":"Thu, 08 Oct 2026 12:36:42 GMT"},{"name":"Server","value":"postgrest/14.18"},{"name":"Content-Range","value":"*/*"},{"name":"Preference-Applied","value":"return=representation"},{"name":"Content-Profile","value":"public"},{"name":"Access-Control-Allow-Origin","value":"*"},{"name":"X-Kong-Upstream-Latency","value":"133"},{"name":"X-Kong-Proxy-Latency","value":"0"},{"name":"Via","value":"kong/2.8.1"}],"serverAddr":{"ipAddress":"127.0.0.1","port":54321},"timing":{"startTime":1791463003027,"domainLookupStart":-1,"domainLookupEnd":-1,"connectStart":-1,"secureConnectionStart":-1,"connectEnd":-1,"requestStart":0.2669999999998254,"responseStart":134.42799999999988},"responseEndTiming":134.52499999999964,"fetchUid":"931da2db84e0208b254ef5ff75d800e9"}}}
{"type":"before","callId":"call@166","startTime":4774.315,"class":"APIRequestContext","method":"fetch","params":{"url":"http://127.0.0.1:54321/rest/v1/staff_branch_assignments","method":"POST","headers":[{"name":"apikey","value":"eyJhbGciOiJIUzI1NiIsInR5cCI6IkpXVCJ9.eyJpc3MiOiJzdXBhYmFzZS1kZW1vIiwicm9sZSI6InNlcnZpY2Vfcm9sZSIsImV4cCI6MTk4MzgxMjk5Nn0.EGIM96RAZx35lJzdJsyH-qQwv8Hdp7fsn3W0YpN81IU"},{"name":"authorization","value":"Bearer eyJhbGciOiJIUzI1NiIsInR5cCI6IkpXVCJ9.eyJpc3MiOiJzdXBhYmFzZS1kZW1vIiwicm9sZSI6InNlcnZpY2Vfcm9sZSIsImV4cCI6MTk4MzgxMjk5Nn0.EGIM96RAZx35lJzdJsyH-qQwv8Hdp7fsn3W0YpN81IU"},{"name":"prefer","value":"return=representation"}],"jsonData":"{\"tenant_id\":\"00000000-0000-4000-9000-000000000003\",\"staff_id\":\"6b7068b2-f4e6-4b13-aa10-f84acb156fcc\",\"branch_id\":\"00000000-0000-4000-a000-000000000004\",\"is_default\":true}"},"stepId":"pw:api@42"}
{"type":"log","callId":"call@166","time":4774.623,"message":"→ POST http://127.0.0.1:54321/rest/v1/staff_branch_assignments"}
{"type":"log","callId":"call@166","time":4774.632,"message":"  user-agent: Mozilla/5.0 (Windows NT 10.0; Win64; x64) AppleWebKit/537.36 (KHTML, like Gecko) Chrome/153.0.8010.12 Safari/537.36"}
{"type":"log","callId":"call@166","time":4774.634,"message":"  accept: */*"}
{"type":"log","callId":"call@166","time":4774.635,"message":"  accept-encoding: gzip,deflate,br"}
{"type":"log","callId":"call@166","time":4774.636,"message":"  apikey: eyJhbGciOiJIUzI1NiIsInR5cCI6IkpXVCJ9.eyJpc3MiOiJzdXBhYmFzZS1kZW1vIiwicm9sZSI6InNlcnZpY2Vfcm9sZSIsImV4cCI6MTk4MzgxMjk5Nn0.EGIM96RAZx35lJzdJsyH-qQwv8Hdp7fsn3W0YpN81IU"}
{"type":"log","callId":"call@166","time":4774.637,"message":"  authorization: Bearer eyJhbGciOiJIUzI1NiIsInR5cCI6IkpXVCJ9.eyJpc3MiOiJzdXBhYmFzZS1kZW1vIiwicm9sZSI6InNlcnZpY2Vfcm9sZSIsImV4cCI6MTk4MzgxMjk5Nn0.EGIM96RAZx35lJzdJsyH-qQwv8Hdp7fsn3W0YpN81IU"}
{"type":"log","callId":"call@166","time":4774.638,"message":"  prefer: return=representation"}
{"type":"log","callId":"call@166","time":4774.639,"message":"  content-type: application/json"}
{"type":"log","callId":"call@166","time":4774.64,"message":"  content-length: 171"}
{"type":"log","callId":"call@166","time":4779.853,"message":"← 201 Created"}
{"type":"log","callId":"call@166","time":4779.859,"message":"  content-type: application/json; charset=utf-8"}
{"type":"log","callId":"call@166","time":4779.861,"message":"  content-length: 368"}
{"type":"log","callId":"call@166","time":4779.862,"message":"  connection: keep-alive"}
{"type":"log","callId":"call@166","time":4779.865,"message":"  date: Thu, 08 Oct 2026 12:36:42 GMT"}
{"type":"log","callId":"call@166","time":4779.866,"message":"  server: postgrest/14.18"}
{"type":"log","callId":"call@166","time":4779.868,"message":"  content-range: */*"}
{"type":"log","callId":"call@166","time":4779.869,"message":"  preference-applied: return=representation"}
{"type":"log","callId":"call@166","time":4779.87,"message":"  content-profile: public"}
{"type":"log","callId":"call@166","time":4779.872,"message":"  access-control-allow-origin: *"}
{"type":"log","callId":"call@166","time":4779.873,"message":"  x-kong-upstream-latency: 4"}
{"type":"log","callId":"call@166","time":4779.874,"message":"  x-kong-proxy-latency: 0"}
{"type":"log","callId":"call@166","time":4779.875,"message":"  via: kong/2.8.1"}
{"type":"after","callId":"call@166","endTime":4779.936,"result":{"response":{"url":"http://127.0.0.1:54321/rest/v1/staff_branch_assignments","status":201,"statusText":"Created","headers":[{"name":"Content-Type","value":"application/json; charset=utf-8"},{"name":"Content-Length","value":"368"},{"name":"Connection","value":"keep-alive"},{"name":"Date","value":"Thu, 08 Oct 2026 12:36:42 GMT"},{"name":"Server","value":"postgrest/14.18"},{"name":"Content-Range","value":"*/*"},{"name":"Preference-Applied","value":"return=representation"},{"name":"Content-Profile","value":"public"},{"name":"Access-Control-Allow-Origin","value":"*"},{"name":"X-Kong-Upstream-Latency","value":"4"},{"name":"X-Kong-Proxy-Latency","value":"0"},{"name":"Via","value":"kong/2.8.1"}],"serverAddr":{"ipAddress":"127.0.0.1","port":54321},"timing":{"startTime":1791463003166,"domainLookupStart":-1,"domainLookupEnd":-1,"connectStart":-1,"secureConnectionStart":-1,"connectEnd":-1,"requestStart":0.13500000000021828,"responseStart":5.0330000000003565},"responseEndTiming":5.155999999999949,"fetchUid":"16bca83d2bb5459aee44dd913fb3a7fe"}}}
{"type":"before","callId":"call@170","startTime":4781.537,"class":"APIRequestContext","method":"fetch","params":{"url":"http://127.0.0.1:54321/rest/v1/service_staff","method":"POST","headers":[{"name":"apikey","value":"eyJhbGciOiJIUzI1NiIsInR5cCI6IkpXVCJ9.eyJpc3MiOiJzdXBhYmFzZS1kZW1vIiwicm9sZSI6InNlcnZpY2Vfcm9sZSIsImV4cCI6MTk4MzgxMjk5Nn0.EGIM96RAZx35lJzdJsyH-qQwv8Hdp7fsn3W0YpN81IU"},{"name":"authorization","value":"Bearer eyJhbGciOiJIUzI1NiIsInR5cCI6IkpXVCJ9.eyJpc3MiOiJzdXBhYmFzZS1kZW1vIiwicm9sZSI6InNlcnZpY2Vfcm9sZSIsImV4cCI6MTk4MzgxMjk5Nn0.EGIM96RAZx35lJzdJsyH-qQwv8Hdp7fsn3W0YpN81IU"},{"name":"prefer","value":"return=representation"}],"jsonData":"[{\"tenant_id\":\"00000000-0000-4000-9000-000000000003\",\"service_id\":\"db2d06bf-9054-4f6b-8f19-980d9e54ecab\",\"branch_id\":\"00000000-0000-4000-a000-000000000004\",\"staff_id\":\"6b7068b2-f4e6-4b13-aa10-f84acb156fcc\"}]"},"stepId":"pw:api@44"}
{"type":"log","callId":"call@170","time":4781.808,"message":"→ POST http://127.0.0.1:54321/rest/v1/service_staff"}
{"type":"log","callId":"call@170","time":4781.813,"message":"  user-agent: Mozilla/5.0 (Windows NT 10.0; Win64; x64) AppleWebKit/537.36 (KHTML, like Gecko) Chrome/153.0.8010.12 Safari/537.36"}
{"type":"log","callId":"call@170","time":4781.814,"message":"  accept: */*"}
{"type":"log","callId":"call@170","time":4781.816,"message":"  accept-encoding: gzip,deflate,br"}
{"type":"log","callId":"call@170","time":4781.817,"message":"  apikey: eyJhbGciOiJIUzI1NiIsInR5cCI6IkpXVCJ9.eyJpc3MiOiJzdXBhYmFzZS1kZW1vIiwicm9sZSI6InNlcnZpY2Vfcm9sZSIsImV4cCI6MTk4MzgxMjk5Nn0.EGIM96RAZx35lJzdJsyH-qQwv8Hdp7fsn3W0YpN81IU"}
{"type":"log","callId":"call@170","time":4781.818,"message":"  authorization: Bearer eyJhbGciOiJIUzI1NiIsInR5cCI6IkpXVCJ9.eyJpc3MiOiJzdXBhYmFzZS1kZW1vIiwicm9sZSI6InNlcnZpY2Vfcm9sZSIsImV4cCI6MTk4MzgxMjk5Nn0.EGIM96RAZx35lJzdJsyH-qQwv8Hdp7fsn3W0YpN81IU"}
{"type":"log","callId":"call@170","time":4781.819,"message":"  prefer: return=representation"}
{"type":"log","callId":"call@170","time":4781.82,"message":"  content-type: application/json"}
{"type":"log","callId":"call@170","time":4781.821,"message":"  content-length: 207"}
{"type":"log","callId":"call@170","time":4788.429,"message":"← 201 Created"}
{"type":"log","callId":"call@170","time":4788.435,"message":"  content-type: application/json; charset=utf-8"}
{"type":"log","callId":"call@170","time":4788.437,"message":"  content-length: 383"}
{"type":"log","callId":"call@170","time":4788.438,"message":"  connection: keep-alive"}
{"type":"log","callId":"call@170","time":4788.439,"message":"  date: Thu, 08 Oct 2026 12:36:42 GMT"}
{"type":"log","callId":"call@170","time":4788.44,"message":"  server: postgrest/14.18"}
{"type":"log","callId":"call@170","time":4788.441,"message":"  content-range: */*"}
{"type":"log","callId":"call@170","time":4788.442,"message":"  preference-applied: return=representation"}
{"type":"log","callId":"call@170","time":4788.443,"message":"  content-profile: public"}
{"type":"log","callId":"call@170","time":4788.444,"message":"  access-control-allow-origin: *"}
{"type":"log","callId":"call@170","time":4788.445,"message":"  x-kong-upstream-latency: 5"}
{"type":"log","callId":"call@170","time":4788.446,"message":"  x-kong-proxy-latency: 0"}
{"type":"log","callId":"call@170","time":4788.447,"message":"  via: kong/2.8.1"}
{"type":"after","callId":"call@170","endTime":4788.508,"result":{"response":{"url":"http://127.0.0.1:54321/rest/v1/service_staff","status":201,"statusText":"Created","headers":[{"name":"Content-Type","value":"application/json; charset=utf-8"},{"name":"Content-Length","value":"383"},{"name":"Connection","value":"keep-alive"},{"name":"Date","value":"Thu, 08 Oct 2026 12:36:42 GMT"},{"name":"Server","value":"postgrest/14.18"},{"name":"Content-Range","value":"*/*"},{"name":"Preference-Applied","value":"return=representation"},{"name":"Content-Profile","value":"public"},{"name":"Access-Control-Allow-Origin","value":"*"},{"name":"X-Kong-Upstream-Latency","value":"5"},{"name":"X-Kong-Proxy-Latency","value":"0"},{"name":"Via","value":"kong/2.8.1"}],"serverAddr":{"ipAddress":"127.0.0.1","port":54321},"timing":{"startTime":1791463003173,"domainLookupStart":-1,"domainLookupEnd":-1,"connectStart":-1,"secureConnectionStart":-1,"connectEnd":-1,"requestStart":0.14000000000032742,"responseStart":6.47400000000016},"responseEndTiming":6.576000000000022,"fetchUid":"18e3751d90fbc44dea306b205d7476cd"}}}
{"type":"before","callId":"call@174","startTime":4790.714,"class":"APIRequestContext","method":"fetch","params":{"url":"http://127.0.0.1:54321/rest/v1/shifts","method":"POST","headers":[{"name":"apikey","value":"eyJhbGciOiJIUzI1NiIsInR5cCI6IkpXVCJ9.eyJpc3MiOiJzdXBhYmFzZS1kZW1vIiwicm9sZSI6InNlcnZpY2Vfcm9sZSIsImV4cCI6MTk4MzgxMjk5Nn0.EGIM96RAZx35lJzdJsyH-qQwv8Hdp7fsn3W0YpN81IU"},{"name":"authorization","value":"Bearer eyJhbGciOiJIUzI1NiIsInR5cCI6IkpXVCJ9.eyJpc3MiOiJzdXBhYmFzZS1kZW1vIiwicm9sZSI6InNlcnZpY2Vfcm9sZSIsImV4cCI6MTk4MzgxMjk5Nn0.EGIM96RAZx35lJzdJsyH-qQwv8Hdp7fsn3W0YpN81IU"},{"name":"prefer","value":"return=representation"}],"jsonData":"[{\"tenant_id\":\"00000000-0000-4000-9000-000000000003\",\"staff_id\":\"6b7068b2-f4e6-4b13-aa10-f84acb156fcc\",\"branch_id\":\"00000000-0000-4000-a000-000000000004\",\"starts_at\":\"2026-10-09T09:00:00+03:00\",\"ends_at\":\"2026-10-09T22:00:00+03:00\"}]"},"stepId":"pw:api@46"}
{"type":"log","callId":"call@174","time":4790.976,"message":"→ POST http://127.0.0.1:54321/rest/v1/shifts"}
{"type":"log","callId":"call@174","time":4790.981,"message":"  user-agent: Mozilla/5.0 (Windows NT 10.0; Win64; x64) AppleWebKit/537.36 (KHTML, like Gecko) Chrome/153.0.8010.12 Safari/537.36"}
{"type":"log","callId":"call@174","time":4790.983,"message":"  accept: */*"}
{"type":"log","callId":"call@174","time":4790.984,"message":"  accept-encoding: gzip,deflate,br"}
{"type":"log","callId":"call@174","time":4790.986,"message":"  apikey: eyJhbGciOiJIUzI1NiIsInR5cCI6IkpXVCJ9.eyJpc3MiOiJzdXBhYmFzZS1kZW1vIiwicm9sZSI6InNlcnZpY2Vfcm9sZSIsImV4cCI6MTk4MzgxMjk5Nn0.EGIM96RAZx35lJzdJsyH-qQwv8Hdp7fsn3W0YpN81IU"}
{"type":"log","callId":"call@174","time":4790.987,"message":"  authorization: Bearer eyJhbGciOiJIUzI1NiIsInR5cCI6IkpXVCJ9.eyJpc3MiOiJzdXBhYmFzZS1kZW1vIiwicm9sZSI6InNlcnZpY2Vfcm9sZSIsImV4cCI6MTk4MzgxMjk5Nn0.EGIM96RAZx35lJzdJsyH-qQwv8Hdp7fsn3W0YpN81IU"}
{"type":"log","callId":"call@174","time":4790.988,"message":"  prefer: return=representation"}
{"type":"log","callId":"call@174","time":4790.989,"message":"  content-type: application/json"}
{"type":"log","callId":"call@174","time":4790.99,"message":"  content-length: 233"}
{"type":"log","callId":"call@174","time":4796.749,"message":"← 201 Created"}
{"type":"log","callId":"call@174","time":4796.756,"message":"  content-type: application/json; charset=utf-8"}
{"type":"log","callId":"call@174","time":4796.758,"message":"  content-length: 409"}
{"type":"log","callId":"call@174","time":4796.759,"message":"  connection: keep-alive"}
{"type":"log","callId":"call@174","time":4796.76,"message":"  date: Thu, 08 Oct 2026 12:36:42 GMT"}
{"type":"log","callId":"call@174","time":4796.762,"message":"  server: postgrest/14.18"}
{"type":"log","callId":"call@174","time":4796.763,"message":"  content-range: */*"}
{"type":"log","callId":"call@174","time":4796.764,"message":"  preference-applied: return=representation"}
{"type":"log","callId":"call@174","time":4796.765,"message":"  content-profile: public"}
{"type":"log","callId":"call@174","time":4796.766,"message":"  access-control-allow-origin: *"}
{"type":"log","callId":"call@174","time":4796.768,"message":"  x-kong-upstream-latency: 4"}
{"type":"log","callId":"call@174","time":4796.769,"message":"  x-kong-proxy-latency: 0"}
{"type":"log","callId":"call@174","time":4796.77,"message":"  via: kong/2.8.1"}
{"type":"after","callId":"call@174","endTime":4796.833,"result":{"response":{"url":"http://127.0.0.1:54321/rest/v1/shifts","status":201,"statusText":"Created","headers":[{"name":"Content-Type","value":"application/json; charset=utf-8"},{"name":"Content-Length","value":"409"},{"name":"Connection","value":"keep-alive"},{"name":"Date","value":"Thu, 08 Oct 2026 12:36:42 GMT"},{"name":"Server","value":"postgrest/14.18"},{"name":"Content-Range","value":"*/*"},{"name":"Preference-Applied","value":"return=representation"},{"name":"Content-Profile","value":"public"},{"name":"Access-Control-Allow-Origin","value":"*"},{"name":"X-Kong-Upstream-Latency","value":"4"},{"name":"X-Kong-Proxy-Latency","value":"0"},{"name":"Via","value":"kong/2.8.1"}],"serverAddr":{"ipAddress":"127.0.0.1","port":54321},"timing":{"startTime":1791463003182,"domainLookupStart":-1,"domainLookupEnd":-1,"connectStart":-1,"secureConnectionStart":-1,"connectEnd":-1,"requestStart":0.15800000000035652,"responseStart":5.6030000000000655},"responseEndTiming":5.722999999999956,"fetchUid":"9324a9b0f89a7e0ec023d3b3333729f5"}}}
{"type":"before","callId":"call@178","startTime":4798.58,"class":"APIRequestContext","method":"fetch","params":{"url":"http://127.0.0.1:54321/rest/v1/staff_members","method":"POST","headers":[{"name":"apikey","value":"eyJhbGciOiJIUzI1NiIsInR5cCI6IkpXVCJ9.eyJpc3MiOiJzdXBhYmFzZS1kZW1vIiwicm9sZSI6InNlcnZpY2Vfcm9sZSIsImV4cCI6MTk4MzgxMjk5Nn0.EGIM96RAZx35lJzdJsyH-qQwv8Hdp7fsn3W0YpN81IU"},{"name":"authorization","value":"Bearer eyJhbGciOiJIUzI1NiIsInR5cCI6IkpXVCJ9.eyJpc3MiOiJzdXBhYmFzZS1kZW1vIiwicm9sZSI6InNlcnZpY2Vfcm9sZSIsImV4cCI6MTk4MzgxMjk5Nn0.EGIM96RAZx35lJzdJsyH-qQwv8Hdp7fsn3W0YpN81IU"},{"name":"prefer","value":"return=representation"}],"jsonData":"{\"tenant_id\":\"00000000-0000-4000-9000-000000000003\",\"full_name_en\":\"Rana en-muzitfqwrcl\",\"full_name_ar\":\"رنا en-muzitfqwrcl\",\"user_id\":null}"},"stepId":"pw:api@48"}
{"type":"log","callId":"call@178","time":4798.867,"message":"→ POST http://127.0.0.1:54321/rest/v1/staff_members"}
{"type":"log","callId":"call@178","time":4798.878,"message":"  user-agent: Mozilla/5.0 (Windows NT 10.0; Win64; x64) AppleWebKit/537.36 (KHTML, like Gecko) Chrome/153.0.8010.12 Safari/537.36"}
{"type":"log","callId":"call@178","time":4798.881,"message":"  accept: */*"}
{"type":"log","callId":"call@178","time":4798.884,"message":"  accept-encoding: gzip,deflate,br"}
{"type":"log","callId":"call@178","time":4798.885,"message":"  apikey: eyJhbGciOiJIUzI1NiIsInR5cCI6IkpXVCJ9.eyJpc3MiOiJzdXBhYmFzZS1kZW1vIiwicm9sZSI6InNlcnZpY2Vfcm9sZSIsImV4cCI6MTk4MzgxMjk5Nn0.EGIM96RAZx35lJzdJsyH-qQwv8Hdp7fsn3W0YpN81IU"}
{"type":"log","callId":"call@178","time":4798.887,"message":"  authorization: Bearer eyJhbGciOiJIUzI1NiIsInR5cCI6IkpXVCJ9.eyJpc3MiOiJzdXBhYmFzZS1kZW1vIiwicm9sZSI6InNlcnZpY2Vfcm9sZSIsImV4cCI6MTk4MzgxMjk5Nn0.EGIM96RAZx35lJzdJsyH-qQwv8Hdp7fsn3W0YpN81IU"}
{"type":"log","callId":"call@178","time":4798.888,"message":"  prefer: return=representation"}
{"type":"log","callId":"call@178","time":4798.889,"message":"  content-type: application/json"}
{"type":"log","callId":"call@178","time":4798.89,"message":"  content-length: 143"}
{"type":"log","callId":"call@178","time":4804.341,"message":"← 201 Created"}
{"type":"log","callId":"call@178","time":4804.347,"message":"  content-type: application/json; charset=utf-8"}
{"type":"log","callId":"call@178","time":4804.35,"message":"  content-length: 481"}
{"type":"log","callId":"call@178","time":4804.351,"message":"  connection: keep-alive"}
{"type":"log","callId":"call@178","time":4804.353,"message":"  date: Thu, 08 Oct 2026 12:36:42 GMT"}
{"type":"log","callId":"call@178","time":4804.354,"message":"  server: postgrest/14.18"}
{"type":"log","callId":"call@178","time":4804.355,"message":"  content-range: */*"}
{"type":"log","callId":"call@178","time":4804.356,"message":"  preference-applied: return=representation"}
{"type":"log","callId":"call@178","time":4804.357,"message":"  content-profile: public"}
{"type":"log","callId":"call@178","time":4804.359,"message":"  access-control-allow-origin: *"}
{"type":"log","callId":"call@178","time":4804.36,"message":"  x-kong-upstream-latency: 4"}
{"type":"log","callId":"call@178","time":4804.362,"message":"  x-kong-proxy-latency: 1"}
{"type":"log","callId":"call@178","time":4804.363,"message":"  via: kong/2.8.1"}
{"type":"after","callId":"call@178","endTime":4804.427,"result":{"response":{"url":"http://127.0.0.1:54321/rest/v1/staff_members","status":201,"statusText":"Created","headers":[{"name":"Content-Type","value":"application/json; charset=utf-8"},{"name":"Content-Length","value":"481"},{"name":"Connection","value":"keep-alive"},{"name":"Date","value":"Thu, 08 Oct 2026 12:36:42 GMT"},{"name":"Server","value":"postgrest/14.18"},{"name":"Content-Range","value":"*/*"},{"name":"Preference-Applied","value":"return=representation"},{"name":"Content-Profile","value":"public"},{"name":"Access-Control-Allow-Origin","value":"*"},{"name":"X-Kong-Upstream-Latency","value":"4"},{"name":"X-Kong-Proxy-Latency","value":"1"},{"name":"Via","value":"kong/2.8.1"}],"serverAddr":{"ipAddress":"127.0.0.1","port":54321},"timing":{"startTime":1791463003190,"domainLookupStart":-1,"domainLookupEnd":-1,"connectStart":-1,"secureConnectionStart":-1,"connectEnd":-1,"requestStart":0.1999999999998181,"responseStart":5.015999999999622},"responseEndTiming":5.3270000000002256,"fetchUid":"3d898ee1fe8d51ea7df8f9f4fd3e6d91"}}}
{"type":"before","callId":"call@182","startTime":4806.048,"class":"APIRequestContext","method":"fetch","params":{"url":"http://127.0.0.1:54321/rest/v1/staff_branch_assignments","method":"POST","headers":[{"name":"apikey","value":"eyJhbGciOiJIUzI1NiIsInR5cCI6IkpXVCJ9.eyJpc3MiOiJzdXBhYmFzZS1kZW1vIiwicm9sZSI6InNlcnZpY2Vfcm9sZSIsImV4cCI6MTk4MzgxMjk5Nn0.EGIM96RAZx35lJzdJsyH-qQwv8Hdp7fsn3W0YpN81IU"},{"name":"authorization","value":"Bearer eyJhbGciOiJIUzI1NiIsInR5cCI6IkpXVCJ9.eyJpc3MiOiJzdXBhYmFzZS1kZW1vIiwicm9sZSI6InNlcnZpY2Vfcm9sZSIsImV4cCI6MTk4MzgxMjk5Nn0.EGIM96RAZx35lJzdJsyH-qQwv8Hdp7fsn3W0YpN81IU"},{"name":"prefer","value":"return=representation"}],"jsonData":"{\"tenant_id\":\"00000000-0000-4000-9000-000000000003\",\"staff_id\":\"b68fe19a-42e5-4fdd-af63-e0d840c31d5b\",\"branch_id\":\"00000000-0000-4000-a000-000000000004\",\"is_default\":true}"},"stepId":"pw:api@50"}
{"type":"log","callId":"call@182","time":4806.33,"message":"→ POST http://127.0.0.1:54321/rest/v1/staff_branch_assignments"}
{"type":"log","callId":"call@182","time":4806.337,"message":"  user-agent: Mozilla/5.0 (Windows NT 10.0; Win64; x64) AppleWebKit/537.36 (KHTML, like Gecko) Chrome/153.0.8010.12 Safari/537.36"}
{"type":"log","callId":"call@182","time":4806.339,"message":"  accept: */*"}
{"type":"log","callId":"call@182","time":4806.341,"message":"  accept-encoding: gzip,deflate,br"}
{"type":"log","callId":"call@182","time":4806.342,"message":"  apikey: eyJhbGciOiJIUzI1NiIsInR5cCI6IkpXVCJ9.eyJpc3MiOiJzdXBhYmFzZS1kZW1vIiwicm9sZSI6InNlcnZpY2Vfcm9sZSIsImV4cCI6MTk4MzgxMjk5Nn0.EGIM96RAZx35lJzdJsyH-qQwv8Hdp7fsn3W0YpN81IU"}
{"type":"log","callId":"call@182","time":4806.343,"message":"  authorization: Bearer eyJhbGciOiJIUzI1NiIsInR5cCI6IkpXVCJ9.eyJpc3MiOiJzdXBhYmFzZS1kZW1vIiwicm9sZSI6InNlcnZpY2Vfcm9sZSIsImV4cCI6MTk4MzgxMjk5Nn0.EGIM96RAZx35lJzdJsyH-qQwv8Hdp7fsn3W0YpN81IU"}
{"type":"log","callId":"call@182","time":4806.344,"message":"  prefer: return=representation"}
{"type":"log","callId":"call@182","time":4806.345,"message":"  content-type: application/json"}
{"type":"log","callId":"call@182","time":4806.346,"message":"  content-length: 171"}
{"type":"log","callId":"call@182","time":4812.441,"message":"← 201 Created"}
{"type":"log","callId":"call@182","time":4812.534,"message":"  content-type: application/json; charset=utf-8"}
{"type":"log","callId":"call@182","time":4812.568,"message":"  content-length: 366"}
{"type":"log","callId":"call@182","time":4812.571,"message":"  connection: keep-alive"}
{"type":"log","callId":"call@182","time":4812.572,"message":"  date: Thu, 08 Oct 2026 12:36:42 GMT"}
{"type":"log","callId":"call@182","time":4812.573,"message":"  server: postgrest/14.18"}
{"type":"log","callId":"call@182","time":4812.574,"message":"  content-range: */*"}
{"type":"log","callId":"call@182","time":4812.576,"message":"  preference-applied: return=representation"}
{"type":"log","callId":"call@182","time":4812.577,"message":"  content-profile: public"}
{"type":"log","callId":"call@182","time":4812.578,"message":"  access-control-allow-origin: *"}
{"type":"log","callId":"call@182","time":4812.58,"message":"  x-kong-upstream-latency: 5"}
{"type":"log","callId":"call@182","time":4812.581,"message":"  x-kong-proxy-latency: 0"}
{"type":"log","callId":"call@182","time":4812.582,"message":"  via: kong/2.8.1"}
{"type":"after","callId":"call@182","endTime":4812.721,"result":{"response":{"url":"http://127.0.0.1:54321/rest/v1/staff_branch_assignments","status":201,"statusText":"Created","headers":[{"name":"Content-Type","value":"application/json; charset=utf-8"},{"name":"Content-Length","value":"366"},{"name":"Connection","value":"keep-alive"},{"name":"Date","value":"Thu, 08 Oct 2026 12:36:42 GMT"},{"name":"Server","value":"postgrest/14.18"},{"name":"Content-Range","value":"*/*"},{"name":"Preference-Applied","value":"return=representation"},{"name":"Content-Profile","value":"public"},{"name":"Access-Control-Allow-Origin","value":"*"},{"name":"X-Kong-Upstream-Latency","value":"5"},{"name":"X-Kong-Proxy-Latency","value":"0"},{"name":"Via","value":"kong/2.8.1"}],"serverAddr":{"ipAddress":"127.0.0.1","port":54321},"timing":{"startTime":1791463003197,"domainLookupStart":-1,"domainLookupEnd":-1,"connectStart":-1,"secureConnectionStart":-1,"connectEnd":-1,"requestStart":0.16699999999946158,"responseStart":5.850999999999658},"responseEndTiming":6.014000000000124,"fetchUid":"13988bc2ae315a3e4168cc9514b0e614"}}}
{"type":"before","callId":"call@186","startTime":4814.744,"class":"APIRequestContext","method":"fetch","params":{"url":"http://127.0.0.1:54321/rest/v1/service_staff","method":"POST","headers":[{"name":"apikey","value":"eyJhbGciOiJIUzI1NiIsInR5cCI6IkpXVCJ9.eyJpc3MiOiJzdXBhYmFzZS1kZW1vIiwicm9sZSI6InNlcnZpY2Vfcm9sZSIsImV4cCI6MTk4MzgxMjk5Nn0.EGIM96RAZx35lJzdJsyH-qQwv8Hdp7fsn3W0YpN81IU"},{"name":"authorization","value":"Bearer eyJhbGciOiJIUzI1NiIsInR5cCI6IkpXVCJ9.eyJpc3MiOiJzdXBhYmFzZS1kZW1vIiwicm9sZSI6InNlcnZpY2Vfcm9sZSIsImV4cCI6MTk4MzgxMjk5Nn0.EGIM96RAZx35lJzdJsyH-qQwv8Hdp7fsn3W0YpN81IU"},{"name":"prefer","value":"return=representation"}],"jsonData":"[{\"tenant_id\":\"00000000-0000-4000-9000-000000000003\",\"service_id\":\"db2d06bf-9054-4f6b-8f19-980d9e54ecab\",\"branch_id\":\"00000000-0000-4000-a000-000000000004\",\"staff_id\":\"b68fe19a-42e5-4fdd-af63-e0d840c31d5b\"}]"},"stepId":"pw:api@52"}
{"type":"log","callId":"call@186","time":4814.986,"message":"→ POST http://127.0.0.1:54321/rest/v1/service_staff"}
{"type":"log","callId":"call@186","time":4814.991,"message":"  user-agent: Mozilla/5.0 (Windows NT 10.0; Win64; x64) AppleWebKit/537.36 (KHTML, like Gecko) Chrome/153.0.8010.12 Safari/537.36"}
{"type":"log","callId":"call@186","time":4814.993,"message":"  accept: */*"}
{"type":"log","callId":"call@186","time":4814.994,"message":"  accept-encoding: gzip,deflate,br"}
{"type":"log","callId":"call@186","time":4814.995,"message":"  apikey: eyJhbGciOiJIUzI1NiIsInR5cCI6IkpXVCJ9.eyJpc3MiOiJzdXBhYmFzZS1kZW1vIiwicm9sZSI6InNlcnZpY2Vfcm9sZSIsImV4cCI6MTk4MzgxMjk5Nn0.EGIM96RAZx35lJzdJsyH-qQwv8Hdp7fsn3W0YpN81IU"}
{"type":"log","callId":"call@186","time":4814.997,"message":"  authorization: Bearer eyJhbGciOiJIUzI1NiIsInR5cCI6IkpXVCJ9.eyJpc3MiOiJzdXBhYmFzZS1kZW1vIiwicm9sZSI6InNlcnZpY2Vfcm9sZSIsImV4cCI6MTk4MzgxMjk5Nn0.EGIM96RAZx35lJzdJsyH-qQwv8Hdp7fsn3W0YpN81IU"}
{"type":"log","callId":"call@186","time":4814.998,"message":"  prefer: return=representation"}
{"type":"log","callId":"call@186","time":4814.999,"message":"  content-type: application/json"}
{"type":"log","callId":"call@186","time":4815,"message":"  content-length: 207"}
{"type":"log","callId":"call@186","time":4818.971,"message":"← 201 Created"}
{"type":"log","callId":"call@186","time":4818.976,"message":"  content-type: application/json; charset=utf-8"}
{"type":"log","callId":"call@186","time":4818.977,"message":"  content-length: 383"}
{"type":"log","callId":"call@186","time":4818.979,"message":"  connection: keep-alive"}
{"type":"log","callId":"call@186","time":4818.98,"message":"  date: Thu, 08 Oct 2026 12:36:42 GMT"}
{"type":"log","callId":"call@186","time":4818.981,"message":"  server: postgrest/14.18"}
{"type":"log","callId":"call@186","time":4818.982,"message":"  content-range: */*"}
{"type":"log","callId":"call@186","time":4818.983,"message":"  preference-applied: return=representation"}
{"type":"log","callId":"call@186","time":4818.984,"message":"  content-profile: public"}
{"type":"log","callId":"call@186","time":4818.985,"message":"  access-control-allow-origin: *"}
{"type":"log","callId":"call@186","time":4818.986,"message":"  x-kong-upstream-latency: 2"}
{"type":"log","callId":"call@186","time":4818.987,"message":"  x-kong-proxy-latency: 1"}
{"type":"log","callId":"call@186","time":4818.988,"message":"  via: kong/2.8.1"}
{"type":"after","callId":"call@186","endTime":4819.061,"result":{"response":{"url":"http://127.0.0.1:54321/rest/v1/service_staff","status":201,"statusText":"Created","headers":[{"name":"Content-Type","value":"application/json; charset=utf-8"},{"name":"Content-Length","value":"383"},{"name":"Connection","value":"keep-alive"},{"name":"Date","value":"Thu, 08 Oct 2026 12:36:42 GMT"},{"name":"Server","value":"postgrest/14.18"},{"name":"Content-Range","value":"*/*"},{"name":"Preference-Applied","value":"return=representation"},{"name":"Content-Profile","value":"public"},{"name":"Access-Control-Allow-Origin","value":"*"},{"name":"X-Kong-Upstream-Latency","value":"2"},{"name":"X-Kong-Proxy-Latency","value":"1"},{"name":"Via","value":"kong/2.8.1"}],"serverAddr":{"ipAddress":"127.0.0.1","port":54321},"timing":{"startTime":1791463003206,"domainLookupStart":-1,"domainLookupEnd":-1,"connectStart":-1,"secureConnectionStart":-1,"connectEnd":-1,"requestStart":0.14199999999982538,"responseStart":3.8549999999995634},"responseEndTiming":3.951000000000022,"fetchUid":"0140d1bc27b843a8d48894923b264353"}}}
{"type":"before","callId":"call@190","startTime":4820.703,"class":"APIRequestContext","method":"fetch","params":{"url":"http://127.0.0.1:54321/rest/v1/shifts","method":"POST","headers":[{"name":"apikey","value":"eyJhbGciOiJIUzI1NiIsInR5cCI6IkpXVCJ9.eyJpc3MiOiJzdXBhYmFzZS1kZW1vIiwicm9sZSI6InNlcnZpY2Vfcm9sZSIsImV4cCI6MTk4MzgxMjk5Nn0.EGIM96RAZx35lJzdJsyH-qQwv8Hdp7fsn3W0YpN81IU"},{"name":"authorization","value":"Bearer eyJhbGciOiJIUzI1NiIsInR5cCI6IkpXVCJ9.eyJpc3MiOiJzdXBhYmFzZS1kZW1vIiwicm9sZSI6InNlcnZpY2Vfcm9sZSIsImV4cCI6MTk4MzgxMjk5Nn0.EGIM96RAZx35lJzdJsyH-qQwv8Hdp7fsn3W0YpN81IU"},{"name":"prefer","value":"return=representation"}],"jsonData":"[{\"tenant_id\":\"00000000-0000-4000-9000-000000000003\",\"staff_id\":\"b68fe19a-42e5-4fdd-af63-e0d840c31d5b\",\"branch_id\":\"00000000-0000-4000-a000-000000000004\",\"starts_at\":\"2026-10-09T09:00:00+03:00\",\"ends_at\":\"2026-10-09T22:00:00+03:00\"}]"},"stepId":"pw:api@54"}
{"type":"log","callId":"call@190","time":4820.944,"message":"→ POST http://127.0.0.1:54321/rest/v1/shifts"}
{"type":"log","callId":"call@190","time":4820.949,"message":"  user-agent: Mozilla/5.0 (Windows NT 10.0; Win64; x64) AppleWebKit/537.36 (KHTML, like Gecko) Chrome/153.0.8010.12 Safari/537.36"}
{"type":"log","callId":"call@190","time":4820.95,"message":"  accept: */*"}
{"type":"log","callId":"call@190","time":4820.951,"message":"  accept-encoding: gzip,deflate,br"}
{"type":"log","callId":"call@190","time":4820.952,"message":"  apikey: eyJhbGciOiJIUzI1NiIsInR5cCI6IkpXVCJ9.eyJpc3MiOiJzdXBhYmFzZS1kZW1vIiwicm9sZSI6InNlcnZpY2Vfcm9sZSIsImV4cCI6MTk4MzgxMjk5Nn0.EGIM96RAZx35lJzdJsyH-qQwv8Hdp7fsn3W0YpN81IU"}
{"type":"log","callId":"call@190","time":4820.953,"message":"  authorization: Bearer eyJhbGciOiJIUzI1NiIsInR5cCI6IkpXVCJ9.eyJpc3MiOiJzdXBhYmFzZS1kZW1vIiwicm9sZSI6InNlcnZpY2Vfcm9sZSIsImV4cCI6MTk4MzgxMjk5Nn0.EGIM96RAZx35lJzdJsyH-qQwv8Hdp7fsn3W0YpN81IU"}
{"type":"log","callId":"call@190","time":4820.955,"message":"  prefer: return=representation"}
{"type":"log","callId":"call@190","time":4820.956,"message":"  content-type: application/json"}
{"type":"log","callId":"call@190","time":4820.957,"message":"  content-length: 233"}
{"type":"log","callId":"call@190","time":4826.244,"message":"← 201 Created"}
{"type":"log","callId":"call@190","time":4826.252,"message":"  content-type: application/json; charset=utf-8"}
{"type":"log","callId":"call@190","time":4826.254,"message":"  content-length: 409"}
{"type":"log","callId":"call@190","time":4826.255,"message":"  connection: keep-alive"}
{"type":"log","callId":"call@190","time":4826.256,"message":"  date: Thu, 08 Oct 2026 12:36:42 GMT"}
{"type":"log","callId":"call@190","time":4826.257,"message":"  server: postgrest/14.18"}
{"type":"log","callId":"call@190","time":4826.258,"message":"  content-range: */*"}
{"type":"log","callId":"call@190","time":4826.259,"message":"  preference-applied: return=representation"}
{"type":"log","callId":"call@190","time":4826.261,"message":"  content-profile: public"}
{"type":"log","callId":"call@190","time":4826.262,"message":"  access-control-allow-origin: *"}
{"type":"log","callId":"call@190","time":4826.263,"message":"  x-kong-upstream-latency: 3"}
{"type":"log","callId":"call@190","time":4826.264,"message":"  x-kong-proxy-latency: 0"}
{"type":"log","callId":"call@190","time":4826.265,"message":"  via: kong/2.8.1"}
{"type":"after","callId":"call@190","endTime":4826.325,"result":{"response":{"url":"http://127.0.0.1:54321/rest/v1/shifts","status":201,"statusText":"Created","headers":[{"name":"Content-Type","value":"application/json; charset=utf-8"},{"name":"Content-Length","value":"409"},{"name":"Connection","value":"keep-alive"},{"name":"Date","value":"Thu, 08 Oct 2026 12:36:42 GMT"},{"name":"Server","value":"postgrest/14.18"},{"name":"Content-Range","value":"*/*"},{"name":"Preference-Applied","value":"return=representation"},{"name":"Content-Profile","value":"public"},{"name":"Access-Control-Allow-Origin","value":"*"},{"name":"X-Kong-Upstream-Latency","value":"3"},{"name":"X-Kong-Proxy-Latency","value":"0"},{"name":"Via","value":"kong/2.8.1"}],"serverAddr":{"ipAddress":"127.0.0.1","port":54321},"timing":{"startTime":1791463003212,"domainLookupStart":-1,"domainLookupEnd":-1,"connectStart":-1,"secureConnectionStart":-1,"connectEnd":-1,"requestStart":0.14400000000023283,"responseStart":5.100000000000364},"responseEndTiming":5.2150000000001455,"fetchUid":"8c4192f2090e28d90579be525fc1f28d"}}}
{"type":"before","callId":"call@194","startTime":4829.869,"class":"APIRequestContext","method":"fetch","params":{"url":"http://127.0.0.1:54321/rest/v1/clients","method":"POST","headers":[{"name":"apikey","value":"eyJhbGciOiJIUzI1NiIsInR5cCI6IkpXVCJ9.eyJpc3MiOiJzdXBhYmFzZS1kZW1vIiwicm9sZSI6InNlcnZpY2Vfcm9sZSIsImV4cCI6MTk4MzgxMjk5Nn0.EGIM96RAZx35lJzdJsyH-qQwv8Hdp7fsn3W0YpN81IU"},{"name":"authorization","value":"Bearer eyJhbGciOiJIUzI1NiIsInR5cCI6IkpXVCJ9.eyJpc3MiOiJzdXBhYmFzZS1kZW1vIiwicm9sZSI6InNlcnZpY2Vfcm9sZSIsImV4cCI6MTk4MzgxMjk5Nn0.EGIM96RAZx35lJzdJsyH-qQwv8Hdp7fsn3W0YpN81IU"},{"name":"prefer","value":"return=representation"}],"jsonData":"{\"tenant_id\":\"00000000-0000-4000-9000-000000000003\",\"first_name\":\"Sara\",\"last_name\":\"en-muzitfqwrcl\",\"first_name_alt\":\"سارة\",\"last_name_alt\":\"en-muzitfqwrcl\",\"allergies\":\"Latex\"}"},"stepId":"pw:api@56"}
{"type":"log","callId":"call@194","time":4830.309,"message":"→ POST http://127.0.0.1:54321/rest/v1/clients"}
{"type":"log","callId":"call@194","time":4830.319,"message":"  user-agent: Mozilla/5.0 (Windows NT 10.0; Win64; x64) AppleWebKit/537.36 (KHTML, like Gecko) Chrome/153.0.8010.12 Safari/537.36"}
{"type":"log","callId":"call@194","time":4830.321,"message":"  accept: */*"}
{"type":"log","callId":"call@194","time":4830.323,"message":"  accept-encoding: gzip,deflate,br"}
{"type":"log","callId":"call@194","time":4830.324,"message":"  apikey: eyJhbGciOiJIUzI1NiIsInR5cCI6IkpXVCJ9.eyJpc3MiOiJzdXBhYmFzZS1kZW1vIiwicm9sZSI6InNlcnZpY2Vfcm9sZSIsImV4cCI6MTk4MzgxMjk5Nn0.EGIM96RAZx35lJzdJsyH-qQwv8Hdp7fsn3W0YpN81IU"}
{"type":"log","callId":"call@194","time":4830.326,"message":"  authorization: Bearer eyJhbGciOiJIUzI1NiIsInR5cCI6IkpXVCJ9.eyJpc3MiOiJzdXBhYmFzZS1kZW1vIiwicm9sZSI6InNlcnZpY2Vfcm9sZSIsImV4cCI6MTk4MzgxMjk5Nn0.EGIM96RAZx35lJzdJsyH-qQwv8Hdp7fsn3W0YpN81IU"}
{"type":"log","callId":"call@194","time":4830.327,"message":"  prefer: return=representation"}
{"type":"log","callId":"call@194","time":4830.328,"message":"  content-type: application/json"}
{"type":"log","callId":"call@194","time":4830.329,"message":"  content-length: 182"}
{"type":"log","callId":"call@194","time":4835.572,"message":"← 201 Created"}
{"type":"log","callId":"call@194","time":4835.578,"message":"  content-type: application/json; charset=utf-8"}
{"type":"log","callId":"call@194","time":4835.58,"message":"  content-length: 693"}
{"type":"log","callId":"call@194","time":4835.581,"message":"  connection: keep-alive"}
{"type":"log","callId":"call@194","time":4835.583,"message":"  date: Thu, 08 Oct 2026 12:36:42 GMT"}
{"type":"log","callId":"call@194","time":4835.584,"message":"  server: postgrest/14.18"}
{"type":"log","callId":"call@194","time":4835.585,"message":"  content-range: */*"}
{"type":"log","callId":"call@194","time":4835.586,"message":"  preference-applied: return=representation"}
{"type":"log","callId":"call@194","time":4835.587,"message":"  content-profile: public"}
{"type":"log","callId":"call@194","time":4835.588,"message":"  access-control-allow-origin: *"}
{"type":"log","callId":"call@194","time":4835.59,"message":"  x-kong-upstream-latency: 4"}
{"type":"log","callId":"call@194","time":4835.591,"message":"  x-kong-proxy-latency: 0"}
{"type":"log","callId":"call@194","time":4835.592,"message":"  via: kong/2.8.1"}
{"type":"after","callId":"call@194","endTime":4835.65,"result":{"response":{"url":"http://127.0.0.1:54321/rest/v1/clients","status":201,"statusText":"Created","headers":[{"name":"Content-Type","value":"application/json; charset=utf-8"},{"name":"Content-Length","value":"693"},{"name":"Connection","value":"keep-alive"},{"name":"Date","value":"Thu, 08 Oct 2026 12:36:42 GMT"},{"name":"Server","value":"postgrest/14.18"},{"name":"Content-Range","value":"*/*"},{"name":"Preference-Applied","value":"return=representation"},{"name":"Content-Profile","value":"public"},{"name":"Access-Control-Allow-Origin","value":"*"},{"name":"X-Kong-Upstream-Latency","value":"4"},{"name":"X-Kong-Proxy-Latency","value":"0"},{"name":"Via","value":"kong/2.8.1"}],"serverAddr":{"ipAddress":"127.0.0.1","port":54321},"timing":{"startTime":1791463003221,"domainLookupStart":-1,"domainLookupEnd":-1,"connectStart":-1,"secureConnectionStart":-1,"connectEnd":-1,"requestStart":0.24700000000029831,"responseStart":5.190000000000509},"responseEndTiming":5.304000000000087,"fetchUid":"c5608aad74844fdd8ae873ac60952b9f"}}}
{"type":"before","callId":"call@198","startTime":4837.8,"class":"APIRequestContext","method":"fetch","params":{"url":"http://127.0.0.1:54321/rest/v1/clients","method":"POST","headers":[{"name":"apikey","value":"eyJhbGciOiJIUzI1NiIsInR5cCI6IkpXVCJ9.eyJpc3MiOiJzdXBhYmFzZS1kZW1vIiwicm9sZSI6InNlcnZpY2Vfcm9sZSIsImV4cCI6MTk4MzgxMjk5Nn0.EGIM96RAZx35lJzdJsyH-qQwv8Hdp7fsn3W0YpN81IU"},{"name":"authorization","value":"Bearer eyJhbGciOiJIUzI1NiIsInR5cCI6IkpXVCJ9.eyJpc3MiOiJzdXBhYmFzZS1kZW1vIiwicm9sZSI6InNlcnZpY2Vfcm9sZSIsImV4cCI6MTk4MzgxMjk5Nn0.EGIM96RAZx35lJzdJsyH-qQwv8Hdp7fsn3W0YpN81IU"},{"name":"prefer","value":"return=representation"}],"jsonData":"{\"tenant_id\":\"00000000-0000-4000-9000-000000000003\",\"first_name\":\"Huda\",\"last_name\":\"en-muzitfqwrcl\",\"first_name_alt\":\"هدى\",\"last_name_alt\":\"en-muzitfqwrcl\",\"allergies\":null}"},"stepId":"pw:api@58"}
{"type":"log","callId":"call@198","time":4838.432,"message":"→ POST http://127.0.0.1:54321/rest/v1/clients"}
{"type":"log","callId":"call@198","time":4838.44,"message":"  user-agent: Mozilla/5.0 (Windows NT 10.0; Win64; x64) AppleWebKit/537.36 (KHTML, like Gecko) Chrome/153.0.8010.12 Safari/537.36"}
{"type":"log","callId":"call@198","time":4838.441,"message":"  accept: */*"}
{"type":"log","callId":"call@198","time":4838.442,"message":"  accept-encoding: gzip,deflate,br"}
{"type":"log","callId":"call@198","time":4838.443,"message":"  apikey: eyJhbGciOiJIUzI1NiIsInR5cCI6IkpXVCJ9.eyJpc3MiOiJzdXBhYmFzZS1kZW1vIiwicm9sZSI6InNlcnZpY2Vfcm9sZSIsImV4cCI6MTk4MzgxMjk5Nn0.EGIM96RAZx35lJzdJsyH-qQwv8Hdp7fsn3W0YpN81IU"}
{"type":"log","callId":"call@198","time":4838.444,"message":"  authorization: Bearer eyJhbGciOiJIUzI1NiIsInR5cCI6IkpXVCJ9.eyJpc3MiOiJzdXBhYmFzZS1kZW1vIiwicm9sZSI6InNlcnZpY2Vfcm9sZSIsImV4cCI6MTk4MzgxMjk5Nn0.EGIM96RAZx35lJzdJsyH-qQwv8Hdp7fsn3W0YpN81IU"}
{"type":"log","callId":"call@198","time":4838.446,"message":"  prefer: return=representation"}
{"type":"log","callId":"call@198","time":4838.447,"message":"  content-type: application/json"}
{"type":"log","callId":"call@198","time":4838.448,"message":"  content-length: 177"}
{"type":"log","callId":"call@198","time":4859.14,"message":"← 201 Created"}
{"type":"log","callId":"call@198","time":4859.153,"message":"  content-type: application/json; charset=utf-8"}
{"type":"log","callId":"call@198","time":4859.155,"message":"  content-length: 686"}
{"type":"log","callId":"call@198","time":4859.157,"message":"  connection: keep-alive"}
{"type":"log","callId":"call@198","time":4859.158,"message":"  date: Thu, 08 Oct 2026 12:36:42 GMT"}
{"type":"log","callId":"call@198","time":4859.159,"message":"  server: postgrest/14.18"}
{"type":"log","callId":"call@198","time":4859.161,"message":"  content-range: */*"}
{"type":"log","callId":"call@198","time":4859.162,"message":"  preference-applied: return=representation"}
{"type":"log","callId":"call@198","time":4859.163,"message":"  content-profile: public"}
{"type":"log","callId":"call@198","time":4859.164,"message":"  access-control-allow-origin: *"}
{"type":"log","callId":"call@198","time":4859.165,"message":"  x-kong-upstream-latency: 19"}
{"type":"log","callId":"call@198","time":4859.167,"message":"  x-kong-proxy-latency: 0"}
{"type":"log","callId":"call@198","time":4859.168,"message":"  via: kong/2.8.1"}
{"type":"after","callId":"call@198","endTime":4859.235,"result":{"response":{"url":"http://127.0.0.1:54321/rest/v1/clients","status":201,"statusText":"Created","headers":[{"name":"Content-Type","value":"application/json; charset=utf-8"},{"name":"Content-Length","value":"686"},{"name":"Connection","value":"keep-alive"},{"name":"Date","value":"Thu, 08 Oct 2026 12:36:42 GMT"},{"name":"Server","value":"postgrest/14.18"},{"name":"Content-Range","value":"*/*"},{"name":"Preference-Applied","value":"return=representation"},{"name":"Content-Profile","value":"public"},{"name":"Access-Control-Allow-Origin","value":"*"},{"name":"X-Kong-Upstream-Latency","value":"19"},{"name":"X-Kong-Proxy-Latency","value":"0"},{"name":"Via","value":"kong/2.8.1"}],"serverAddr":{"ipAddress":"127.0.0.1","port":54321},"timing":{"startTime":1791463003229,"domainLookupStart":-1,"domainLookupEnd":-1,"connectStart":-1,"secureConnectionStart":-1,"connectEnd":-1,"requestStart":0.1610000000000582,"responseStart":20.51000000000022},"responseEndTiming":20.60699999999997,"fetchUid":"2af96a37eb0cef7ddb4ec7235b57400d"}}}
{"type":"before","callId":"call@202","startTime":4865.087,"class":"APIRequestContext","method":"fetch","params":{"url":"http://127.0.0.1:54321/auth/v1/token?grant_type=password","method":"POST","headers":[{"name":"apikey","value":"eyJhbGciOiJIUzI1NiIsInR5cCI6IkpXVCJ9.eyJpc3MiOiJzdXBhYmFzZS1kZW1vIiwicm9sZSI6ImFub24iLCJleHAiOjE5ODM4MTI5OTZ9.CRXP1A7WOeoJeXxjNni43kdQwgnWNReilDMblYTn_I0"}],"jsonData":"{\"email\":\"setup-reception@spacorner.test\",\"password\":\"password123\"}"},"stepId":"pw:api@60"}
{"type":"log","callId":"call@202","time":4865.341,"message":"→ POST http://127.0.0.1:54321/auth/v1/token?grant_type=password"}
{"type":"log","callId":"call@202","time":4865.347,"message":"  user-agent: Mozilla/5.0 (Windows NT 10.0; Win64; x64) AppleWebKit/537.36 (KHTML, like Gecko) Chrome/153.0.8010.12 Safari/537.36"}
{"type":"log","callId":"call@202","time":4865.349,"message":"  accept: */*"}
{"type":"log","callId":"call@202","time":4865.35,"message":"  accept-encoding: gzip,deflate,br"}
{"type":"log","callId":"call@202","time":4865.351,"message":"  apikey: eyJhbGciOiJIUzI1NiIsInR5cCI6IkpXVCJ9.eyJpc3MiOiJzdXBhYmFzZS1kZW1vIiwicm9sZSI6ImFub24iLCJleHAiOjE5ODM4MTI5OTZ9.CRXP1A7WOeoJeXxjNni43kdQwgnWNReilDMblYTn_I0"}
{"type":"log","callId":"call@202","time":4865.353,"message":"  content-type: application/json"}
{"type":"log","callId":"call@202","time":4865.354,"message":"  content-length: 67"}
{"type":"log","callId":"call@202","time":4914.88,"message":"← 200 OK"}
{"type":"log","callId":"call@202","time":4914.885,"message":"  content-type: application/json"}
{"type":"log","callId":"call@202","time":4914.889,"message":"  content-length: 1920"}
{"type":"log","callId":"call@202","time":4914.89,"message":"  connection: keep-alive"}
{"type":"log","callId":"call@202","time":4914.891,"message":"  sb-auth-refresh-token-prefix: hxzuz"}
{"type":"log","callId":"call@202","time":4914.893,"message":"  sb-auth-session-id: 97ef483b-c09b-40c2-a74b-4d0c8fafa729"}
{"type":"log","callId":"call@202","time":4914.894,"message":"  sb-auth-user-id: 00000000-0000-4000-8000-000000000011"}
{"type":"log","callId":"call@202","time":4914.896,"message":"  vary: Origin"}
{"type":"log","callId":"call@202","time":4914.907,"message":"  date: Thu, 08 Oct 2026 12:36:43 GMT"}
{"type":"log","callId":"call@202","time":4914.909,"message":"  access-control-allow-origin: *"}
{"type":"log","callId":"call@202","time":4914.91,"message":"  x-kong-upstream-latency: 47"}
{"type":"log","callId":"call@202","time":4914.911,"message":"  x-kong-proxy-latency: 0"}
{"type":"log","callId":"call@202","time":4914.912,"message":"  via: kong/2.8.1"}
{"type":"after","callId":"call@202","endTime":4914.961,"result":{"response":{"url":"http://127.0.0.1:54321/auth/v1/token?grant_type=password","status":200,"statusText":"OK","headers":[{"name":"Content-Type","value":"application/json"},{"name":"Content-Length","value":"1920"},{"name":"Connection","value":"keep-alive"},{"name":"Sb-Auth-Refresh-Token-Prefix","value":"hxzuz"},{"name":"Sb-Auth-Session-Id","value":"97ef483b-c09b-40c2-a74b-4d0c8fafa729"},{"name":"Sb-Auth-User-Id","value":"00000000-0000-4000-8000-000000000011"},{"name":"Vary","value":"Origin"},{"name":"Date","value":"Thu, 08 Oct 2026 12:36:43 GMT"},{"name":"Access-Control-Allow-Origin","value":"*"},{"name":"X-Kong-Upstream-Latency","value":"47"},{"name":"X-Kong-Proxy-Latency","value":"0"},{"name":"Via","value":"kong/2.8.1"}],"serverAddr":{"ipAddress":"127.0.0.1","port":54321},"timing":{"startTime":1791463003256,"domainLookupStart":-1,"domainLookupEnd":-1,"connectStart":-1,"secureConnectionStart":-1,"connectEnd":-1,"requestStart":0.13100000000031287,"responseStart":49.400000000000546},"responseEndTiming":49.51100000000042,"fetchUid":"8c8bd1f01af9142ef44fc5f2e814f509"}}}
{"type":"before","callId":"call@206","startTime":4916.576,"class":"APIRequestContext","method":"fetch","params":{"url":"http://127.0.0.1:54321/functions/v1/bookings/create","method":"POST","headers":[{"name":"apikey","value":"eyJhbGciOiJIUzI1NiIsInR5cCI6IkpXVCJ9.eyJpc3MiOiJzdXBhYmFzZS1kZW1vIiwicm9sZSI6ImFub24iLCJleHAiOjE5ODM4MTI5OTZ9.CRXP1A7WOeoJeXxjNni43kdQwgnWNReilDMblYTn_I0"},{"name":"authorization","value":"Bearer eyJhbGciOiJFUzI1NiIsImtpZCI6ImI4MTI2OWYxLTIxZDgtNGYyZS1iNzE5LWMyMjQwYTg0MGQ5MCIsInR5cCI6IkpXVCJ9.eyJpc3MiOiJodHRwOi8vMTI3LjAuMC4xOjU0MzIxL2F1dGgvdjEiLCJzdWIiOiIwMDAwMDAwMC0wMDAwLTQwMDAtODAwMC0wMDAwMDAwMDAwMTEiLCJhdWQiOiJhdXRoZW50aWNhdGVkIiwiZXhwIjoxNzkxNDY2NjAzLCJpYXQiOjE3OTE0NjMwMDMsImVtYWlsIjoic2V0dXAtcmVjZXB0aW9uQHNwYWNvcm5lci50ZXN0IiwicGhvbmUiOiIiLCJhcHBfbWV0YWRhdGEiOnsicHJvdmlkZXIiOiJlbWFpbCIsInByb3ZpZGVycyI6WyJlbWFpbCJdfSwidXNlcl9tZXRhZGF0YSI6eyJmdWxsX25hbWUiOiJSZWVtIEhhd2FsbHkifSwicm9sZSI6ImF1dGhlbnRpY2F0ZWQiLCJhYWwiOiJhYWwxIiwiYW1yIjpbeyJtZXRob2QiOiJwYXNzd29yZCIsInRpbWVzdGFtcCI6MTc5MTQ2MzAwM31dLCJzZXNzaW9uX2lkIjoiOTdlZjQ4M2ItYzA5Yi00MGMyLWE3NGItNGQwYzhmYWZhNzI5IiwiaXNfYW5vbnltb3VzIjpmYWxzZX0.fzRz0iqhXHxqUL-NizSEnDT-tARrSSsqfNFTjMoMD8pHu6Ed2VBtPGZCCuA8Vtq7dYNJZBQw4vfr3MCu47Hdqg"},{"name":"idempotency-key","value":"23eaa228-42b6-42e1-9c80-ce52a12cddf9"}],"jsonData":"{\"tenant_id\":\"00000000-0000-4000-9000-000000000003\",\"branch_id\":\"00000000-0000-4000-a000-000000000004\",\"client_id\":\"99086c22-74aa-4e80-8442-c5526b669a6f\",\"items\":[{\"service_id\":\"db2d06bf-9054-4f6b-8f19-980d9e54ecab\",\"staff_id\":\"6b7068b2-f4e6-4b13-aa10-f84acb156fcc\",\"starts_at\":\"2026-10-09T15:00:00+03:00\"}]}"},"stepId":"pw:api@62"}
{"type":"log","callId":"call@206","time":4916.885,"message":"→ POST http://127.0.0.1:54321/functions/v1/bookings/create"}
{"type":"log","callId":"call@206","time":4916.894,"message":"  user-agent: Mozilla/5.0 (Windows NT 10.0; Win64; x64) AppleWebKit/537.36 (KHTML, like Gecko) Chrome/153.0.8010.12 Safari/537.36"}
{"type":"log","callId":"call@206","time":4916.896,"message":"  accept: */*"}
{"type":"log","callId":"call@206","time":4916.897,"message":"  accept-encoding: gzip,deflate,br"}
{"type":"log","callId":"call@206","time":4916.898,"message":"  apikey: eyJhbGciOiJIUzI1NiIsInR5cCI6IkpXVCJ9.eyJpc3MiOiJzdXBhYmFzZS1kZW1vIiwicm9sZSI6ImFub24iLCJleHAiOjE5ODM4MTI5OTZ9.CRXP1A7WOeoJeXxjNni43kdQwgnWNReilDMblYTn_I0"}
{"type":"log","callId":"call@206","time":4916.899,"message":"  authorization: Bearer eyJhbGciOiJFUzI1NiIsImtpZCI6ImI4MTI2OWYxLTIxZDgtNGYyZS1iNzE5LWMyMjQwYTg0MGQ5MCIsInR5cCI6IkpXVCJ9.eyJpc3MiOiJodHRwOi8vMTI3LjAuMC4xOjU0MzIxL2F1dGgvdjEiLCJzdWIiOiIwMDAwMDAwMC0wMDAwLTQwMDAtODAwMC0wMDAwMDAwMDAwMTEiLCJhdWQiOiJhdXRoZW50aWNhdGVkIiwiZXhwIjoxNzkxNDY2NjAzLCJpYXQiOjE3OTE0NjMwMDMsImVtYWlsIjoic2V0dXAtcmVjZXB0aW9uQHNwYWNvcm5lci50ZXN0IiwicGhvbmUiOiIiLCJhcHBfbWV0YWRhdGEiOnsicHJvdmlkZXIiOiJlbWFpbCIsInByb3ZpZGVycyI6WyJlbWFpbCJdfSwidXNlcl9tZXRhZGF0YSI6eyJmdWxsX25hbWUiOiJSZWVtIEhhd2FsbHkifSwicm9sZSI6ImF1dGhlbnRpY2F0ZWQiLCJhYWwiOiJhYWwxIiwiYW1yIjpbeyJtZXRob2QiOiJwYXNzd29yZCIsInRpbWVzdGFtcCI6MTc5MTQ2MzAwM31dLCJzZXNzaW9uX2lkIjoiOTdlZjQ4M2ItYzA5Yi00MGMyLWE3NGItNGQwYzhmYWZhNzI5IiwiaXNfYW5vbnltb3VzIjpmYWxzZX0.fzRz0iqhXHxqUL-NizSEnDT-tARrSSsqfNFTjMoMD8pHu6Ed2VBtPGZCCuA8Vtq7dYNJZBQw4vfr3MCu47Hdqg"}
{"type":"log","callId":"call@206","time":4916.901,"message":"  idempotency-key: 23eaa228-42b6-42e1-9c80-ce52a12cddf9"}
{"type":"log","callId":"call@206","time":4916.902,"message":"  content-type: application/json"}
{"type":"log","callId":"call@206","time":4916.903,"message":"  content-length: 308"}
{"type":"log","callId":"call@206","time":5094.355,"message":"← 201 Created"}
{"type":"log","callId":"call@206","time":5094.368,"message":"  content-type: application/json"}
{"type":"log","callId":"call@206","time":5094.37,"message":"  content-length: 542"}
{"type":"log","callId":"call@206","time":5094.371,"message":"  connection: keep-alive"}
{"type":"log","callId":"call@206","time":5094.373,"message":"  x-request-id: f598fc61-30ab-4ad0-937c-f96a113505ab"}
{"type":"log","callId":"call@206","time":5094.374,"message":"  vary: Accept-Encoding"}
{"type":"log","callId":"call@206","time":5094.375,"message":"  content-encoding: gzip"}
{"type":"log","callId":"call@206","time":5094.376,"message":"  date: Thu, 08 Oct 2026 12:36:42 GMT"}
{"type":"log","callId":"call@206","time":5094.377,"message":"  access-control-allow-origin: *"}
{"type":"log","callId":"call@206","time":5094.378,"message":"  x-kong-upstream-latency: 176"}
{"type":"log","callId":"call@206","time":5094.379,"message":"  x-kong-proxy-latency: 1"}
{"type":"log","callId":"call@206","time":5094.381,"message":"  via: kong/2.8.1"}
{"type":"after","callId":"call@206","endTime":5094.701,"result":{"response":{"url":"http://127.0.0.1:54321/functions/v1/bookings/create","status":201,"statusText":"Created","headers":[{"name":"Content-Type","value":"application/json"},{"name":"Content-Length","value":"542"},{"name":"Connection","value":"keep-alive"},{"name":"x-request-id","value":"f598fc61-30ab-4ad0-937c-f96a113505ab"},{"name":"vary","value":"Accept-Encoding"},{"name":"content-encoding","value":"gzip"},{"name":"date","value":"Thu, 08 Oct 2026 12:36:42 GMT"},{"name":"Access-Control-Allow-Origin","value":"*"},{"name":"X-Kong-Upstream-Latency","value":"176"},{"name":"X-Kong-Proxy-Latency","value":"1"},{"name":"Via","value":"kong/2.8.1"}],"serverAddr":{"ipAddress":"127.0.0.1","port":54321},"timing":{"startTime":1791463003308,"domainLookupStart":-1,"domainLookupEnd":-1,"connectStart":-1,"secureConnectionStart":-1,"connectEnd":-1,"requestStart":0.19500000000061846,"responseStart":177.0520000000006},"responseEndTiming":177.78099999999995,"fetchUid":"59feabb58ce0355fd02936b22bd24b66"}}}
{"type":"before","callId":"call@210","startTime":5097.011,"class":"APIRequestContext","method":"fetch","params":{"url":"http://127.0.0.1:54321/auth/v1/token?grant_type=password","method":"POST","headers":[{"name":"apikey","value":"eyJhbGciOiJIUzI1NiIsInR5cCI6IkpXVCJ9.eyJpc3MiOiJzdXBhYmFzZS1kZW1vIiwicm9sZSI6ImFub24iLCJleHAiOjE5ODM4MTI5OTZ9.CRXP1A7WOeoJeXxjNni43kdQwgnWNReilDMblYTn_I0"}],"jsonData":"{\"email\":\"setup-reception@spacorner.test\",\"password\":\"password123\"}"},"stepId":"pw:api@64"}
{"type":"log","callId":"call@210","time":5097.252,"message":"→ POST http://127.0.0.1:54321/auth/v1/token?grant_type=password"}
{"type":"log","callId":"call@210","time":5097.258,"message":"  user-agent: Mozilla/5.0 (Windows NT 10.0; Win64; x64) AppleWebKit/537.36 (KHTML, like Gecko) Chrome/153.0.8010.12 Safari/537.36"}
{"type":"log","callId":"call@210","time":5097.259,"message":"  accept: */*"}
{"type":"log","callId":"call@210","time":5097.26,"message":"  accept-encoding: gzip,deflate,br"}
{"type":"log","callId":"call@210","time":5097.262,"message":"  apikey: eyJhbGciOiJIUzI1NiIsInR5cCI6IkpXVCJ9.eyJpc3MiOiJzdXBhYmFzZS1kZW1vIiwicm9sZSI6ImFub24iLCJleHAiOjE5ODM4MTI5OTZ9.CRXP1A7WOeoJeXxjNni43kdQwgnWNReilDMblYTn_I0"}
{"type":"log","callId":"call@210","time":5097.263,"message":"  content-type: application/json"}
{"type":"log","callId":"call@210","time":5097.264,"message":"  content-length: 67"}
{"type":"log","callId":"call@210","time":5173.263,"message":"← 200 OK"}
{"type":"log","callId":"call@210","time":5173.268,"message":"  content-type: application/json"}
{"type":"log","callId":"call@210","time":5173.273,"message":"  content-length: 1920"}
{"type":"log","callId":"call@210","time":5173.274,"message":"  connection: keep-alive"}
{"type":"log","callId":"call@210","time":5173.275,"message":"  sb-auth-refresh-token-prefix: vj7wy"}
{"type":"log","callId":"call@210","time":5173.277,"message":"  sb-auth-session-id: 92220e57-c353-4026-b0f3-e77274c62cb4"}
{"type":"log","callId":"call@210","time":5173.278,"message":"  sb-auth-user-id: 00000000-0000-4000-8000-000000000011"}
{"type":"log","callId":"call@210","time":5173.279,"message":"  vary: Origin"}
{"type":"log","callId":"call@210","time":5173.28,"message":"  date: Thu, 08 Oct 2026 12:36:43 GMT"}
{"type":"log","callId":"call@210","time":5173.282,"message":"  access-control-allow-origin: *"}
{"type":"log","callId":"call@210","time":5173.283,"message":"  x-kong-upstream-latency: 71"}
{"type":"log","callId":"call@210","time":5173.284,"message":"  x-kong-proxy-latency: 0"}
{"type":"log","callId":"call@210","time":5173.285,"message":"  via: kong/2.8.1"}
{"type":"after","callId":"call@210","endTime":5173.348,"result":{"response":{"url":"http://127.0.0.1:54321/auth/v1/token?grant_type=password","status":200,"statusText":"OK","headers":[{"name":"Content-Type","value":"application/json"},{"name":"Content-Length","value":"1920"},{"name":"Connection","value":"keep-alive"},{"name":"Sb-Auth-Refresh-Token-Prefix","value":"vj7wy"},{"name":"Sb-Auth-Session-Id","value":"92220e57-c353-4026-b0f3-e77274c62cb4"},{"name":"Sb-Auth-User-Id","value":"00000000-0000-4000-8000-000000000011"},{"name":"Vary","value":"Origin"},{"name":"Date","value":"Thu, 08 Oct 2026 12:36:43 GMT"},{"name":"Access-Control-Allow-Origin","value":"*"},{"name":"X-Kong-Upstream-Latency","value":"71"},{"name":"X-Kong-Proxy-Latency","value":"0"},{"name":"Via","value":"kong/2.8.1"}],"serverAddr":{"ipAddress":"127.0.0.1","port":54321},"timing":{"startTime":1791463003488,"domainLookupStart":-1,"domainLookupEnd":-1,"connectStart":-1,"secureConnectionStart":-1,"connectEnd":-1,"requestStart":0.13699999999971624,"responseStart":75.61399999999958},"responseEndTiming":75.94400000000041,"fetchUid":"624c236f9edb5f094919f09a21fadf32"}}}
{"type":"before","callId":"call@214","startTime":5176.5,"class":"APIRequestContext","method":"fetch","params":{"url":"http://127.0.0.1:54321/functions/v1/bookings/create","method":"POST","headers":[{"name":"apikey","value":"eyJhbGciOiJIUzI1NiIsInR5cCI6IkpXVCJ9.eyJpc3MiOiJzdXBhYmFzZS1kZW1vIiwicm9sZSI6ImFub24iLCJleHAiOjE5ODM4MTI5OTZ9.CRXP1A7WOeoJeXxjNni43kdQwgnWNReilDMblYTn_I0"},{"name":"authorization","value":"Bearer eyJhbGciOiJFUzI1NiIsImtpZCI6ImI4MTI2OWYxLTIxZDgtNGYyZS1iNzE5LWMyMjQwYTg0MGQ5MCIsInR5cCI6IkpXVCJ9.eyJpc3MiOiJodHRwOi8vMTI3LjAuMC4xOjU0MzIxL2F1dGgvdjEiLCJzdWIiOiIwMDAwMDAwMC0wMDAwLTQwMDAtODAwMC0wMDAwMDAwMDAwMTEiLCJhdWQiOiJhdXRoZW50aWNhdGVkIiwiZXhwIjoxNzkxNDY2NjAzLCJpYXQiOjE3OTE0NjMwMDMsImVtYWlsIjoic2V0dXAtcmVjZXB0aW9uQHNwYWNvcm5lci50ZXN0IiwicGhvbmUiOiIiLCJhcHBfbWV0YWRhdGEiOnsicHJvdmlkZXIiOiJlbWFpbCIsInByb3ZpZGVycyI6WyJlbWFpbCJdfSwidXNlcl9tZXRhZGF0YSI6eyJmdWxsX25hbWUiOiJSZWVtIEhhd2FsbHkifSwicm9sZSI6ImF1dGhlbnRpY2F0ZWQiLCJhYWwiOiJhYWwxIiwiYW1yIjpbeyJtZXRob2QiOiJwYXNzd29yZCIsInRpbWVzdGFtcCI6MTc5MTQ2MzAwM31dLCJzZXNzaW9uX2lkIjoiOTIyMjBlNTctYzM1My00MDI2LWIwZjMtZTc3Mjc0YzYyY2I0IiwiaXNfYW5vbnltb3VzIjpmYWxzZX0.9OTGF9ig4sjffeoBxUJiqKiDJCvWE9aUZce8kiGrLTII-8v2-TSlGJRr399trGKp_b3ly4iE213q3Wyn5uVtaw"},{"name":"idempotency-key","value":"9e320750-634b-404e-8278-219c757da44e"}],"jsonData":"{\"tenant_id\":\"00000000-0000-4000-9000-000000000003\",\"branch_id\":\"00000000-0000-4000-a000-000000000004\",\"client_id\":\"5ade9648-53db-4924-b710-22a6d55f3472\",\"items\":[{\"service_id\":\"db2d06bf-9054-4f6b-8f19-980d9e54ecab\",\"staff_id\":\"b68fe19a-42e5-4fdd-af63-e0d840c31d5b\",\"starts_at\":\"2026-10-09T15:00:00+03:00\"}]}"},"stepId":"pw:api@66"}
{"type":"log","callId":"call@214","time":5176.719,"message":"→ POST http://127.0.0.1:54321/functions/v1/bookings/create"}
{"type":"log","callId":"call@214","time":5176.724,"message":"  user-agent: Mozilla/5.0 (Windows NT 10.0; Win64; x64) AppleWebKit/537.36 (KHTML, like Gecko) Chrome/153.0.8010.12 Safari/537.36"}
{"type":"log","callId":"call@214","time":5176.725,"message":"  accept: */*"}
{"type":"log","callId":"call@214","time":5176.726,"message":"  accept-encoding: gzip,deflate,br"}
{"type":"log","callId":"call@214","time":5176.727,"message":"  apikey: eyJhbGciOiJIUzI1NiIsInR5cCI6IkpXVCJ9.eyJpc3MiOiJzdXBhYmFzZS1kZW1vIiwicm9sZSI6ImFub24iLCJleHAiOjE5ODM4MTI5OTZ9.CRXP1A7WOeoJeXxjNni43kdQwgnWNReilDMblYTn_I0"}
{"type":"log","callId":"call@214","time":5176.728,"message":"  authorization: Bearer eyJhbGciOiJFUzI1NiIsImtpZCI6ImI4MTI2OWYxLTIxZDgtNGYyZS1iNzE5LWMyMjQwYTg0MGQ5MCIsInR5cCI6IkpXVCJ9.eyJpc3MiOiJodHRwOi8vMTI3LjAuMC4xOjU0MzIxL2F1dGgvdjEiLCJzdWIiOiIwMDAwMDAwMC0wMDAwLTQwMDAtODAwMC0wMDAwMDAwMDAwMTEiLCJhdWQiOiJhdXRoZW50aWNhdGVkIiwiZXhwIjoxNzkxNDY2NjAzLCJpYXQiOjE3OTE0NjMwMDMsImVtYWlsIjoic2V0dXAtcmVjZXB0aW9uQHNwYWNvcm5lci50ZXN0IiwicGhvbmUiOiIiLCJhcHBfbWV0YWRhdGEiOnsicHJvdmlkZXIiOiJlbWFpbCIsInByb3ZpZGVycyI6WyJlbWFpbCJdfSwidXNlcl9tZXRhZGF0YSI6eyJmdWxsX25hbWUiOiJSZWVtIEhhd2FsbHkifSwicm9sZSI6ImF1dGhlbnRpY2F0ZWQiLCJhYWwiOiJhYWwxIiwiYW1yIjpbeyJtZXRob2QiOiJwYXNzd29yZCIsInRpbWVzdGFtcCI6MTc5MTQ2MzAwM31dLCJzZXNzaW9uX2lkIjoiOTIyMjBlNTctYzM1My00MDI2LWIwZjMtZTc3Mjc0YzYyY2I0IiwiaXNfYW5vbnltb3VzIjpmYWxzZX0.9OTGF9ig4sjffeoBxUJiqKiDJCvWE9aUZce8kiGrLTII-8v2-TSlGJRr399trGKp_b3ly4iE213q3Wyn5uVtaw"}
{"type":"log","callId":"call@214","time":5176.73,"message":"  idempotency-key: 9e320750-634b-404e-8278-219c757da44e"}
{"type":"log","callId":"call@214","time":5176.731,"message":"  content-type: application/json"}
{"type":"log","callId":"call@214","time":5176.731,"message":"  content-length: 308"}
{"type":"log","callId":"call@214","time":5366.458,"message":"← 201 Created"}
{"type":"log","callId":"call@214","time":5366.518,"message":"  content-type: application/json"}
{"type":"log","callId":"call@214","time":5366.52,"message":"  content-length: 541"}
{"type":"log","callId":"call@214","time":5366.522,"message":"  connection: keep-alive"}
{"type":"log","callId":"call@214","time":5366.523,"message":"  x-request-id: 4d0b5c11-4769-4fc7-93f1-7c80abd7568b"}
{"type":"log","callId":"call@214","time":5366.523,"message":"  vary: Accept-Encoding"}
{"type":"log","callId":"call@214","time":5366.524,"message":"  content-encoding: gzip"}
{"type":"log","callId":"call@214","time":5366.545,"message":"  date: Thu, 08 Oct 2026 12:36:42 GMT"}
{"type":"log","callId":"call@214","time":5366.556,"message":"  access-control-allow-origin: *"}
{"type":"log","callId":"call@214","time":5366.558,"message":"  x-kong-upstream-latency: 180"}
{"type":"log","callId":"call@214","time":5366.559,"message":"  x-kong-proxy-latency: 0"}
{"type":"log","callId":"call@214","time":5366.56,"message":"  via: kong/2.8.1"}
{"type":"after","callId":"call@214","endTime":5367.079,"result":{"response":{"url":"http://127.0.0.1:54321/functions/v1/bookings/create","status":201,"statusText":"Created","headers":[{"name":"Content-Type","value":"application/json"},{"name":"Content-Length","value":"541"},{"name":"Connection","value":"keep-alive"},{"name":"x-request-id","value":"4d0b5c11-4769-4fc7-93f1-7c80abd7568b"},{"name":"vary","value":"Accept-Encoding"},{"name":"content-encoding","value":"gzip"},{"name":"date","value":"Thu, 08 Oct 2026 12:36:42 GMT"},{"name":"Access-Control-Allow-Origin","value":"*"},{"name":"X-Kong-Upstream-Latency","value":"180"},{"name":"X-Kong-Proxy-Latency","value":"0"},{"name":"Via","value":"kong/2.8.1"}],"serverAddr":{"ipAddress":"127.0.0.1","port":54321},"timing":{"startTime":1791463003568,"domainLookupStart":-1,"domainLookupEnd":-1,"connectStart":-1,"secureConnectionStart":-1,"connectEnd":-1,"requestStart":0.13400000000001455,"responseStart":188.82999999999993},"responseEndTiming":190.28200000000015,"fetchUid":"e4125c023c1cf2e42c82841363e57222"}}}
